08:31:22:062  INFO 28916 --- [main] com.hmall.user.UserApplication           : The following 1 profile is active: "local"
08:31:22:774  INFO 28916 --- [main] .s.d.r.c.RepositoryConfigurationDelegate : Multiple Spring Data modules found, entering strict repository configuration mode
08:31:22:775  INFO 28916 --- [main] .s.d.r.c.RepositoryConfigurationDelegate : Bootstrapping Spring Data Redis repositories in DEFAULT mode.
08:31:22:791  INFO 28916 --- [main] .s.d.r.c.RepositoryConfigurationDelegate : Finished Spring Data repository scanning in 6 ms. Found 0 Redis repository interfaces.
08:31:22:991  INFO 28916 --- [main] o.s.cloud.context.scope.GenericScope     : BeanFactory id=83886e90-c82f-3dbc-b280-8d28e57748c0
08:31:23:350  INFO 28916 --- [main] o.s.b.w.embedded.tomcat.TomcatWebServer  : Tomcat initialized with port(s): 8084 (http)
08:31:23:360  INFO 28916 --- [main] o.apache.catalina.core.StandardService   : Starting service [Tomcat]
08:31:23:362  INFO 28916 --- [main] org.apache.catalina.core.StandardEngine  : Starting Servlet engine: [Apache Tomcat/9.0.75]
08:31:23:489  INFO 28916 --- [main] o.a.c.c.C.[Tomcat].[localhost].[/]       : Initializing Spring embedded WebApplicationContext
08:31:23:489  INFO 28916 --- [main] w.s.c.ServletWebServerApplicationContext : Root WebApplicationContext: initialization completed in 1407 ms
08:31:25:185  INFO 28916 --- [main] c.a.c.sentinel.SentinelWebMvcConfigurer  : [Sentinel Starter] register SentinelWebInterceptor with urlPatterns: [/**].
08:31:25:806  INFO 28916 --- [main] pertySourcedRequestMappingHandlerMapping : Mapped URL path [/v2/api-docs] onto method [springfox.documentation.swagger2.web.Swagger2ControllerWebMvc#getDocumentation(String, HttpServletRequest)]
08:31:26:794  INFO 28916 --- [main] com.alibaba.nacos.common.remote.client   : [RpcClientFactory] create a new rpc client of 8a3aff18-7d71-4661-a58b-788f0df5e5d7
08:31:26:794  INFO 28916 --- [main] com.alibaba.nacos.common.remote.client   : [8a3aff18-7d71-4661-a58b-788f0df5e5d7] RpcClient init label, labels = {module=naming, source=sdk}
08:31:26:796  INFO 28916 --- [main] com.alibaba.nacos.common.remote.client   : [8a3aff18-7d71-4661-a58b-788f0df5e5d7] RpcClient init, ServerListFactory = com.alibaba.nacos.client.naming.core.ServerListManager
08:31:26:796  INFO 28916 --- [main] com.alibaba.nacos.common.remote.client   : [8a3aff18-7d71-4661-a58b-788f0df5e5d7] Registry connection listener to current client:com.alibaba.nacos.client.naming.remote.gprc.redo.NamingGrpcRedoService
08:31:26:798  INFO 28916 --- [main] com.alibaba.nacos.common.remote.client   : [8a3aff18-7d71-4661-a58b-788f0df5e5d7] Register server push request handler:com.alibaba.nacos.client.naming.remote.gprc.NamingPushRequestHandler
08:31:26:798  INFO 28916 --- [main] com.alibaba.nacos.common.remote.client   : [8a3aff18-7d71-4661-a58b-788f0df5e5d7] Try to connect to server on start up, server: {serverIp = '192.168.247.134', server main port = 8848}
08:31:26:915  INFO 28916 --- [main] com.alibaba.nacos.common.remote.client   : [8a3aff18-7d71-4661-a58b-788f0df5e5d7] Success to connect to server [192.168.247.134:8848] on start up, connectionId = 1781137887457_192.168.247.1_14734
08:31:26:915  INFO 28916 --- [main] com.alibaba.nacos.common.remote.client   : [8a3aff18-7d71-4661-a58b-788f0df5e5d7] Register server push request handler:com.alibaba.nacos.common.remote.client.RpcClient$ConnectResetRequestHandler
08:31:26:915  INFO 28916 --- [main] com.alibaba.nacos.common.remote.client   : [8a3aff18-7d71-4661-a58b-788f0df5e5d7] Register server push request handler:com.alibaba.nacos.common.remote.client.RpcClient$$Lambda$476/0x00000008003fa840
08:31:26:915  INFO 28916 --- [com.alibaba.nacos.client.remote.worker] com.alibaba.nacos.common.remote.client   : [8a3aff18-7d71-4661-a58b-788f0df5e5d7] Notify connected event to listeners.
08:31:26:955  INFO 28916 --- [main] o.s.b.w.embedded.tomcat.TomcatWebServer  : Tomcat started on port(s): 8084 (http) with context path ''
08:31:26:964  INFO 28916 --- [main] c.a.c.n.registry.NacosServiceRegistry    : nacos registry, DEFAULT_GROUP user-service 172.29.43.215:8084 register finished
08:31:27:353  INFO 28916 --- [main] d.s.w.p.DocumentationPluginsBootstrapper : Documentation plugins bootstrapped
08:31:27:355  INFO 28916 --- [main] d.s.w.p.DocumentationPluginsBootstrapper : Found 1 custom documentation plugin(s)
08:31:27:369  INFO 28916 --- [main] s.d.s.w.s.ApiListingReferenceScanner     : Scanning for api listing references
08:31:27:454  INFO 28916 --- [nacos-grpc-client-executor-7] com.alibaba.nacos.common.remote.client   : [8a3aff18-7d71-4661-a58b-788f0df5e5d7] Receive server push request, request = NotifySubscriberRequest, requestId = 12
08:31:27:461  INFO 28916 --- [nacos-grpc-client-executor-7] com.alibaba.nacos.common.remote.client   : [8a3aff18-7d71-4661-a58b-788f0df5e5d7] Ack server push request, request = NotifySubscriberRequest, requestId = 12
08:31:27:462  INFO 28916 --- [main] com.hmall.user.UserApplication           : Started UserApplication in 9.9 seconds (JVM running for 10.967)
08:31:27:467  INFO 28916 --- [main] c.a.c.n.refresh.NacosContextRefresher    : [Nacos Config] Listening config: dataId=user-service.yaml, group=DEFAULT_GROUP
08:31:27:468  INFO 28916 --- [main] c.a.c.n.refresh.NacosContextRefresher    : [Nacos Config] Listening config: dataId=user-service-local.yaml, group=DEFAULT_GROUP
08:31:27:468  INFO 28916 --- [main] c.a.c.n.refresh.NacosContextRefresher    : [Nacos Config] Listening config: dataId=user-service, group=DEFAULT_GROUP
08:33:12:858  INFO 28916 --- [http-nio-8084-exec-1] o.a.c.c.C.[Tomcat].[localhost].[/]       : Initializing Spring DispatcherServlet 'dispatcherServlet'
08:33:12:858  INFO 28916 --- [http-nio-8084-exec-1] o.s.web.servlet.DispatcherServlet        : Initializing Servlet 'dispatcherServlet'
08:33:12:858  INFO 28916 --- [http-nio-8084-exec-1] o.s.web.servlet.DispatcherServlet        : Completed initialization in 0 ms
08:33:13:260  INFO 28916 --- [http-nio-8084-exec-1] com.zaxxer.hikari.HikariDataSource       : HikariPool-1 - Starting...
08:33:13:396  INFO 28916 --- [http-nio-8084-exec-1] com.zaxxer.hikari.HikariDataSource       : HikariPool-1 - Start completed.
08:33:13:400 DEBUG 28916 --- [http-nio-8084-exec-1] c.h.user.mapper.UserMapper.selectOne     : ==>  Preparing: SELECT id,username,password,phone,create_time,update_time,status,balance FROM user WHERE (username = ?)
08:33:13:420 DEBUG 28916 --- [http-nio-8084-exec-1] c.h.user.mapper.UserMapper.selectOne     : ==> Parameters: jack(String)
08:33:13:439 DEBUG 28916 --- [http-nio-8084-exec-1] c.h.user.mapper.UserMapper.selectOne     : <==      Total: 1
10:01:14:577  WARN 28916 --- [Thread-5] c.a.nacos.common.notify.NotifyCenter     : [NotifyCenter] Start destroying Publisher
10:01:14:577  WARN 28916 --- [Thread-1] c.a.n.common.http.HttpClientBeanHolder   : [HttpClientBeanHolder] Start destroying common HttpClient
10:01:14:577  WARN 28916 --- [Thread-5] c.a.nacos.common.notify.NotifyCenter     : [NotifyCenter] Destruction of the end
10:01:14:579  WARN 28916 --- [Thread-1] c.a.n.common.http.HttpClientBeanHolder   : [HttpClientBeanHolder] Destruction of the end
10:01:15:047  INFO 28916 --- [SpringApplicationShutdownHook] c.a.c.n.registry.NacosServiceRegistry    : De-registering from Nacos Server now...
10:01:15:050  INFO 28916 --- [SpringApplicationShutdownHook] c.a.c.n.registry.NacosServiceRegistry    : De-registration finished.
10:01:15:383  INFO 28916 --- [SpringApplicationShutdownHook] com.alibaba.nacos.common.remote.client   : Shutdown rpc client, set status to shutdown
10:01:15:383  INFO 28916 --- [SpringApplicationShutdownHook] com.alibaba.nacos.common.remote.client   : Shutdown client event executor java.util.concurrent.ScheduledThreadPoolExecutor@4ddebeee[Running, pool size = 2, active threads = 2, queued tasks = 0, completed tasks = 0]
10:01:15:383  INFO 28916 --- [SpringApplicationShutdownHook] com.alibaba.nacos.common.remote.client   : Close current connection 1781137887457_192.168.247.1_14734
10:01:15:386  INFO 28916 --- [nacos-grpc-client-executor-1094] c.a.n.c.remote.client.grpc.GrpcClient    : [1781137887457_192.168.247.1_14734]Ignore complete event,isRunning:false,isAbandon=false
10:01:15:388  INFO 28916 --- [SpringApplicationShutdownHook] c.a.n.c.remote.client.grpc.GrpcClient    : Shutdown grpc executor java.util.concurrent.ThreadPoolExecutor@142ff39c[Running, pool size = 5, active threads = 0, queued tasks = 0, completed tasks = 1095]
10:01:15:394  INFO 28916 --- [SpringApplicationShutdownHook] com.zaxxer.hikari.HikariDataSource       : HikariPool-1 - Shutdown initiated...
10:01:15:411  INFO 28916 --- [SpringApplicationShutdownHook] com.zaxxer.hikari.HikariDataSource       : HikariPool-1 - Shutdown completed.
10:16:45:534  INFO 39888 --- [main] com.hmall.user.UserApplication           : The following 1 profile is active: "local"
10:16:46:420  INFO 39888 --- [main] .s.d.r.c.RepositoryConfigurationDelegate : Multiple Spring Data modules found, entering strict repository configuration mode
10:16:46:422  INFO 39888 --- [main] .s.d.r.c.RepositoryConfigurationDelegate : Bootstrapping Spring Data Redis repositories in DEFAULT mode.
10:16:46:457  INFO 39888 --- [main] .s.d.r.c.RepositoryConfigurationDelegate : Finished Spring Data repository scanning in 23 ms. Found 0 Redis repository interfaces.
10:16:46:678  INFO 39888 --- [main] o.s.cloud.context.scope.GenericScope     : BeanFactory id=83886e90-c82f-3dbc-b280-8d28e57748c0
10:16:47:098  INFO 39888 --- [main] o.s.b.w.embedded.tomcat.TomcatWebServer  : Tomcat initialized with port(s): 8084 (http)
10:16:47:108  INFO 39888 --- [main] o.apache.catalina.core.StandardService   : Starting service [Tomcat]
10:16:47:108  INFO 39888 --- [main] org.apache.catalina.core.StandardEngine  : Starting Servlet engine: [Apache Tomcat/9.0.75]
10:16:47:359  INFO 39888 --- [main] o.a.c.c.C.[Tomcat].[localhost].[/]       : Initializing Spring embedded WebApplicationContext
10:16:47:359  INFO 39888 --- [main] w.s.c.ServletWebServerApplicationContext : Root WebApplicationContext: initialization completed in 1810 ms
10:16:49:215  INFO 39888 --- [main] c.a.c.sentinel.SentinelWebMvcConfigurer  : [Sentinel Starter] register SentinelWebInterceptor with urlPatterns: [/**].
10:16:49:974  INFO 39888 --- [main] pertySourcedRequestMappingHandlerMapping : Mapped URL path [/v2/api-docs] onto method [springfox.documentation.swagger2.web.Swagger2ControllerWebMvc#getDocumentation(String, HttpServletRequest)]
10:16:51:014  INFO 39888 --- [main] com.alibaba.nacos.common.remote.client   : [RpcClientFactory] create a new rpc client of d3a2271c-6b96-479e-ae94-40c57479e8c5
10:16:51:015  INFO 39888 --- [main] com.alibaba.nacos.common.remote.client   : [d3a2271c-6b96-479e-ae94-40c57479e8c5] RpcClient init label, labels = {module=naming, source=sdk}
10:16:51:017  INFO 39888 --- [main] com.alibaba.nacos.common.remote.client   : [d3a2271c-6b96-479e-ae94-40c57479e8c5] RpcClient init, ServerListFactory = com.alibaba.nacos.client.naming.core.ServerListManager
10:16:51:017  INFO 39888 --- [main] com.alibaba.nacos.common.remote.client   : [d3a2271c-6b96-479e-ae94-40c57479e8c5] Registry connection listener to current client:com.alibaba.nacos.client.naming.remote.gprc.redo.NamingGrpcRedoService
10:16:51:017  INFO 39888 --- [main] com.alibaba.nacos.common.remote.client   : [d3a2271c-6b96-479e-ae94-40c57479e8c5] Register server push request handler:com.alibaba.nacos.client.naming.remote.gprc.NamingPushRequestHandler
10:16:51:018  INFO 39888 --- [main] com.alibaba.nacos.common.remote.client   : [d3a2271c-6b96-479e-ae94-40c57479e8c5] Try to connect to server on start up, server: {serverIp = '192.168.247.134', server main port = 8848}
10:16:51:139  INFO 39888 --- [main] com.alibaba.nacos.common.remote.client   : [d3a2271c-6b96-479e-ae94-40c57479e8c5] Success to connect to server [192.168.247.134:8848] on start up, connectionId = 1781144211829_192.168.247.1_7176
10:16:51:139  INFO 39888 --- [main] com.alibaba.nacos.common.remote.client   : [d3a2271c-6b96-479e-ae94-40c57479e8c5] Register server push request handler:com.alibaba.nacos.common.remote.client.RpcClient$ConnectResetRequestHandler
10:16:51:139  INFO 39888 --- [com.alibaba.nacos.client.remote.worker] com.alibaba.nacos.common.remote.client   : [d3a2271c-6b96-479e-ae94-40c57479e8c5] Notify connected event to listeners.
10:16:51:140  INFO 39888 --- [main] com.alibaba.nacos.common.remote.client   : [d3a2271c-6b96-479e-ae94-40c57479e8c5] Register server push request handler:com.alibaba.nacos.common.remote.client.RpcClient$$Lambda$476/0x0000000800403040
10:16:51:180  INFO 39888 --- [main] o.s.b.w.embedded.tomcat.TomcatWebServer  : Tomcat started on port(s): 8084 (http) with context path ''
10:16:51:189  INFO 39888 --- [main] c.a.c.n.registry.NacosServiceRegistry    : nacos registry, DEFAULT_GROUP user-service 172.29.43.215:8084 register finished
10:16:51:524  INFO 39888 --- [main] d.s.w.p.DocumentationPluginsBootstrapper : Documentation plugins bootstrapped
10:16:51:527  INFO 39888 --- [main] d.s.w.p.DocumentationPluginsBootstrapper : Found 1 custom documentation plugin(s)
10:16:51:539  INFO 39888 --- [main] s.d.s.w.s.ApiListingReferenceScanner     : Scanning for api listing references
10:16:51:607  INFO 39888 --- [main] com.hmall.user.UserApplication           : Started UserApplication in 10.321 seconds (JVM running for 11.948)
10:16:51:613  INFO 39888 --- [main] c.a.c.n.refresh.NacosContextRefresher    : [Nacos Config] Listening config: dataId=user-service.yaml, group=DEFAULT_GROUP
10:16:51:614  INFO 39888 --- [main] c.a.c.n.refresh.NacosContextRefresher    : [Nacos Config] Listening config: dataId=user-service-local.yaml, group=DEFAULT_GROUP
10:16:51:614  INFO 39888 --- [main] c.a.c.n.refresh.NacosContextRefresher    : [Nacos Config] Listening config: dataId=user-service, group=DEFAULT_GROUP
10:16:51:731  INFO 39888 --- [nacos-grpc-client-executor-8] com.alibaba.nacos.common.remote.client   : [d3a2271c-6b96-479e-ae94-40c57479e8c5] Receive server push request, request = NotifySubscriberRequest, requestId = 11
10:16:51:734  INFO 39888 --- [nacos-grpc-client-executor-8] com.alibaba.nacos.common.remote.client   : [d3a2271c-6b96-479e-ae94-40c57479e8c5] Ack server push request, request = NotifySubscriberRequest, requestId = 11
11:30:47:106  WARN 39888 --- [Thread-1] c.a.n.common.http.HttpClientBeanHolder   : [HttpClientBeanHolder] Start destroying common HttpClient
11:30:47:106  WARN 39888 --- [Thread-5] c.a.nacos.common.notify.NotifyCenter     : [NotifyCenter] Start destroying Publisher
11:30:47:107  WARN 39888 --- [Thread-5] c.a.nacos.common.notify.NotifyCenter     : [NotifyCenter] Destruction of the end
11:30:47:108  WARN 39888 --- [Thread-1] c.a.n.common.http.HttpClientBeanHolder   : [HttpClientBeanHolder] Destruction of the end
11:30:47:594  INFO 39888 --- [SpringApplicationShutdownHook] c.a.c.n.registry.NacosServiceRegistry    : De-registering from Nacos Server now...
11:30:47:598  INFO 39888 --- [SpringApplicationShutdownHook] c.a.c.n.registry.NacosServiceRegistry    : De-registration finished.
11:30:47:924  INFO 39888 --- [SpringApplicationShutdownHook] com.alibaba.nacos.common.remote.client   : Shutdown rpc client, set status to shutdown
11:30:47:925  INFO 39888 --- [SpringApplicationShutdownHook] com.alibaba.nacos.common.remote.client   : Shutdown client event executor java.util.concurrent.ScheduledThreadPoolExecutor@7f807a46[Running, pool size = 2, active threads = 2, queued tasks = 0, completed tasks = 0]
11:30:47:925  INFO 39888 --- [SpringApplicationShutdownHook] com.alibaba.nacos.common.remote.client   : Close current connection 1781144211829_192.168.247.1_7176
11:30:47:927  INFO 39888 --- [nacos-grpc-client-executor-913] c.a.n.c.remote.client.grpc.GrpcClient    : [1781144211829_192.168.247.1_7176]Ignore complete event,isRunning:false,isAbandon=false
11:30:47:929  INFO 39888 --- [SpringApplicationShutdownHook] c.a.n.c.remote.client.grpc.GrpcClient    : Shutdown grpc executor java.util.concurrent.ThreadPoolExecutor@31253c44[Running, pool size = 5, active threads = 0, queued tasks = 0, completed tasks = 914]
13:00:19:934  INFO 31276 --- [main] com.hmall.user.UserApplication           : The following 1 profile is active: "local"
13:00:20:674  INFO 31276 --- [main] .s.d.r.c.RepositoryConfigurationDelegate : Multiple Spring Data modules found, entering strict repository configuration mode
13:00:20:675  INFO 31276 --- [main] .s.d.r.c.RepositoryConfigurationDelegate : Bootstrapping Spring Data Redis repositories in DEFAULT mode.
13:00:20:692  INFO 31276 --- [main] .s.d.r.c.RepositoryConfigurationDelegate : Finished Spring Data repository scanning in 7 ms. Found 0 Redis repository interfaces.
13:00:20:895  INFO 31276 --- [main] o.s.cloud.context.scope.GenericScope     : BeanFactory id=83886e90-c82f-3dbc-b280-8d28e57748c0
13:00:21:345  INFO 31276 --- [main] o.s.b.w.embedded.tomcat.TomcatWebServer  : Tomcat initialized with port(s): 8084 (http)
13:00:21:370  INFO 31276 --- [main] o.apache.catalina.core.StandardService   : Starting service [Tomcat]
13:00:21:370  INFO 31276 --- [main] org.apache.catalina.core.StandardEngine  : Starting Servlet engine: [Apache Tomcat/9.0.75]
13:00:21:499  INFO 31276 --- [main] o.a.c.c.C.[Tomcat].[localhost].[/]       : Initializing Spring embedded WebApplicationContext
13:00:21:501  INFO 31276 --- [main] w.s.c.ServletWebServerApplicationContext : Root WebApplicationContext: initialization completed in 1556 ms
13:00:23:351  INFO 31276 --- [main] c.a.c.sentinel.SentinelWebMvcConfigurer  : [Sentinel Starter] register SentinelWebInterceptor with urlPatterns: [/**].
13:00:23:993  INFO 31276 --- [main] pertySourcedRequestMappingHandlerMapping : Mapped URL path [/v2/api-docs] onto method [springfox.documentation.swagger2.web.Swagger2ControllerWebMvc#getDocumentation(String, HttpServletRequest)]
13:00:24:953  INFO 31276 --- [main] com.alibaba.nacos.common.remote.client   : [RpcClientFactory] create a new rpc client of ba877d04-a0f7-400c-981f-0e9516afede8
13:00:24:953  INFO 31276 --- [main] com.alibaba.nacos.common.remote.client   : [ba877d04-a0f7-400c-981f-0e9516afede8] RpcClient init label, labels = {module=naming, source=sdk}
13:00:24:955  INFO 31276 --- [main] com.alibaba.nacos.common.remote.client   : [ba877d04-a0f7-400c-981f-0e9516afede8] RpcClient init, ServerListFactory = com.alibaba.nacos.client.naming.core.ServerListManager
13:00:24:955  INFO 31276 --- [main] com.alibaba.nacos.common.remote.client   : [ba877d04-a0f7-400c-981f-0e9516afede8] Registry connection listener to current client:com.alibaba.nacos.client.naming.remote.gprc.redo.NamingGrpcRedoService
13:00:24:955  INFO 31276 --- [main] com.alibaba.nacos.common.remote.client   : [ba877d04-a0f7-400c-981f-0e9516afede8] Register server push request handler:com.alibaba.nacos.client.naming.remote.gprc.NamingPushRequestHandler
13:00:24:955  INFO 31276 --- [main] com.alibaba.nacos.common.remote.client   : [ba877d04-a0f7-400c-981f-0e9516afede8] Try to connect to server on start up, server: {serverIp = '192.168.247.134', server main port = 8848}
13:00:25:083  INFO 31276 --- [main] com.alibaba.nacos.common.remote.client   : [ba877d04-a0f7-400c-981f-0e9516afede8] Success to connect to server [192.168.247.134:8848] on start up, connectionId = 1781154025785_192.168.247.1_13819
13:00:25:083  INFO 31276 --- [main] com.alibaba.nacos.common.remote.client   : [ba877d04-a0f7-400c-981f-0e9516afede8] Register server push request handler:com.alibaba.nacos.common.remote.client.RpcClient$ConnectResetRequestHandler
13:00:25:083  INFO 31276 --- [main] com.alibaba.nacos.common.remote.client   : [ba877d04-a0f7-400c-981f-0e9516afede8] Register server push request handler:com.alibaba.nacos.common.remote.client.RpcClient$$Lambda$476/0x00000008003fb440
13:00:25:083  INFO 31276 --- [com.alibaba.nacos.client.remote.worker] com.alibaba.nacos.common.remote.client   : [ba877d04-a0f7-400c-981f-0e9516afede8] Notify connected event to listeners.
13:00:25:117  INFO 31276 --- [main] o.s.b.w.embedded.tomcat.TomcatWebServer  : Tomcat started on port(s): 8084 (http) with context path ''
13:00:25:127  INFO 31276 --- [main] c.a.c.n.registry.NacosServiceRegistry    : nacos registry, DEFAULT_GROUP user-service 192.168.1.3:8084 register finished
13:00:25:453  INFO 31276 --- [main] d.s.w.p.DocumentationPluginsBootstrapper : Documentation plugins bootstrapped
13:00:25:456  INFO 31276 --- [main] d.s.w.p.DocumentationPluginsBootstrapper : Found 1 custom documentation plugin(s)
13:00:25:467  INFO 31276 --- [main] s.d.s.w.s.ApiListingReferenceScanner     : Scanning for api listing references
13:00:25:523  INFO 31276 --- [main] com.hmall.user.UserApplication           : Started UserApplication in 9.555 seconds (JVM running for 10.625)
13:00:25:527  INFO 31276 --- [main] c.a.c.n.refresh.NacosContextRefresher    : [Nacos Config] Listening config: dataId=user-service.yaml, group=DEFAULT_GROUP
13:00:25:527  INFO 31276 --- [main] c.a.c.n.refresh.NacosContextRefresher    : [Nacos Config] Listening config: dataId=user-service-local.yaml, group=DEFAULT_GROUP
13:00:25:528  INFO 31276 --- [main] c.a.c.n.refresh.NacosContextRefresher    : [Nacos Config] Listening config: dataId=user-service, group=DEFAULT_GROUP
13:00:25:629  INFO 31276 --- [nacos-grpc-client-executor-8] com.alibaba.nacos.common.remote.client   : [ba877d04-a0f7-400c-981f-0e9516afede8] Receive server push request, request = NotifySubscriberRequest, requestId = 11
13:00:25:632  INFO 31276 --- [nacos-grpc-client-executor-8] com.alibaba.nacos.common.remote.client   : [ba877d04-a0f7-400c-981f-0e9516afede8] Ack server push request, request = NotifySubscriberRequest, requestId = 11
14:32:03:085  WARN 31276 --- [Thread-5] c.a.nacos.common.notify.NotifyCenter     : [NotifyCenter] Start destroying Publisher
14:32:03:085  WARN 31276 --- [Thread-1] c.a.n.common.http.HttpClientBeanHolder   : [HttpClientBeanHolder] Start destroying common HttpClient
14:32:03:086  WARN 31276 --- [Thread-5] c.a.nacos.common.notify.NotifyCenter     : [NotifyCenter] Destruction of the end
14:32:03:086  WARN 31276 --- [Thread-1] c.a.n.common.http.HttpClientBeanHolder   : [HttpClientBeanHolder] Destruction of the end
14:32:03:579  INFO 31276 --- [SpringApplicationShutdownHook] c.a.c.n.registry.NacosServiceRegistry    : De-registering from Nacos Server now...
14:32:03:583  INFO 31276 --- [SpringApplicationShutdownHook] c.a.c.n.registry.NacosServiceRegistry    : De-registration finished.
14:32:03:909  INFO 31276 --- [SpringApplicationShutdownHook] com.alibaba.nacos.common.remote.client   : Shutdown rpc client, set status to shutdown
14:32:03:911  INFO 31276 --- [SpringApplicationShutdownHook] com.alibaba.nacos.common.remote.client   : Shutdown client event executor java.util.concurrent.ScheduledThreadPoolExecutor@ad46d68[Running, pool size = 2, active threads = 2, queued tasks = 0, completed tasks = 0]
14:32:03:911  INFO 31276 --- [SpringApplicationShutdownHook] com.alibaba.nacos.common.remote.client   : Close current connection 1781154025785_192.168.247.1_13819
14:32:03:913  INFO 31276 --- [nacos-grpc-client-executor-1122] c.a.n.c.remote.client.grpc.GrpcClient    : [1781154025785_192.168.247.1_13819]Ignore complete event,isRunning:false,isAbandon=false
14:32:03:914  INFO 31276 --- [SpringApplicationShutdownHook] c.a.n.c.remote.client.grpc.GrpcClient    : Shutdown grpc executor java.util.concurrent.ThreadPoolExecutor@7b56c5c3[Running, pool size = 5, active threads = 0, queued tasks = 0, completed tasks = 1123]
