2025-05-24 14:26:19.312 [pool-1-thread-1] INFO  LogTracer - 追加对象输出流创建成功，继承上次运行数据
2025-05-24 14:26:19.338 [pool-1-thread-1] INFO  LogTracer - 对象输入流创建成功，并接通accounts集合，已读取数据
2025-05-24 14:26:19.341 [pool-1-thread-1] INFO  LogTracer - 已进入系统
2025-05-24 14:26:30.700 [pool-1-thread-1] INFO  LogTracer - 追加对象输出流创建成功，继承上次运行数据
2025-05-24 14:26:30.713 [pool-1-thread-1] INFO  LogTracer - 对象输入流创建成功，并接通accounts集合，已读取数据
2025-05-24 14:26:30.715 [pool-1-thread-1] INFO  LogTracer - 已进入系统
2025-05-24 14:26:34.300 [pool-1-thread-1] INFO  LogTracer - 匿名用户创建账号
2025-05-24 14:26:34.301 [pool-1-thread-1] INFO  LogTracer - account已创建，但仍未被赋值
2025-05-24 14:26:36.001 [pool-1-thread-1] WARN  LogTracer - 姓名输入错误
2025-05-24 14:26:37.889 [pool-1-thread-1] INFO  LogTracer - 成功录入姓名
2025-05-24 14:26:39.391 [pool-1-thread-1] INFO  LogTracer - 成功录入性别
2025-05-24 14:26:42.608 [pool-1-thread-1] INFO  LogTracer - 成功录入密码
2025-05-24 14:26:45.302 [pool-1-thread-1] INFO  LogTracer - 成功录入限额
2025-05-24 14:26:45.304 [pool-1-thread-1] INFO  LogTracer - 随机卡号已上锁
2025-05-24 14:26:45.304 [pool-1-thread-1] INFO  LogTracer - 正在生成随机卡号
2025-05-24 14:26:45.304 [pool-1-thread-1] INFO  LogTracer - 正在生成随机卡号
2025-05-24 14:26:45.304 [pool-1-thread-1] INFO  LogTracer - 正在生成随机卡号
2025-05-24 14:26:45.304 [pool-1-thread-1] INFO  LogTracer - 正在生成随机卡号
2025-05-24 14:26:45.304 [pool-1-thread-1] INFO  LogTracer - 正在生成随机卡号
2025-05-24 14:26:45.304 [pool-1-thread-1] INFO  LogTracer - 正在生成随机卡号
2025-05-24 14:26:45.304 [pool-1-thread-1] INFO  LogTracer - 正在生成随机卡号
2025-05-24 14:26:45.304 [pool-1-thread-1] INFO  LogTracer - 正在生成随机卡号
2025-05-24 14:26:45.304 [pool-1-thread-1] INFO  LogTracer - 随机卡号已解锁
2025-05-24 14:26:45.304 [pool-1-thread-1] INFO  LogTracer - 成功生成id
2025-05-24 14:26:45.304 [pool-1-thread-1] INFO  LogTracer - 成功录入时间
2025-05-24 14:26:45.314 [pool-1-thread-1] INFO  LogTracer - 注册成功,account已添加至accounts集合,并刷新了二进制日志和注册表日志
2025-05-24 14:26:45.314 [pool-1-thread-1] INFO  LogTracer - 已进入系统
2025-05-24 14:26:52.722 [pool-1-thread-1] INFO  LogTracer - 匿名用户选择了登录
2025-05-24 14:26:53.847 [pool-1-thread-1] INFO  LogTracer - 成功输入卡号
2025-05-24 14:26:58.250 [pool-1-thread-1] INFO  LogTracer - chen成功登录
2025-05-24 14:27:04.959 [pool-1-thread-1] INFO  LogTracer - 匿名用户选择了登录
2025-05-24 14:27:06.867 [pool-1-thread-1] WARN  LogTracer - 输入错误
2025-05-24 14:27:08.170 [pool-1-thread-1] WARN  LogTracer - 输入错误
2025-05-24 14:27:16.285 [pool-1-thread-1] INFO  LogTracer - 追加对象输出流创建成功，继承上次运行数据
2025-05-24 14:27:16.310 [pool-1-thread-1] INFO  LogTracer - 对象输入流创建成功，并接通accounts集合，已读取数据
2025-05-24 14:27:16.313 [pool-1-thread-1] INFO  LogTracer - 已进入系统
2025-05-24 14:27:18.772 [pool-1-thread-1] INFO  LogTracer - 匿名用户选择了登录
2025-05-24 14:27:19.889 [pool-1-thread-1] INFO  LogTracer - 成功输入卡号
2025-05-24 14:27:21.163 [pool-1-thread-1] WARN  LogTracer - 密码输入错误
2025-05-24 14:27:22.488 [pool-1-thread-1] INFO  LogTracer - chen成功登录
2025-05-24 14:27:26.528 [pool-1-thread-1] INFO  LogTracer - chen存款
2025-05-24 14:27:26.528 [pool-1-thread-1] INFO  LogTracer - 已上锁
2025-05-24 14:27:29.890 [pool-1-thread-1] INFO  LogTracer - chen存款
2025-05-24 14:27:29.890 [pool-1-thread-1] INFO  LogTracer - 已上锁
2025-05-24 14:27:32.275 [pool-1-thread-1] INFO  LogTracer - chen成功查询账户
2025-05-24 14:27:32.275 [pool-1-thread-1] INFO  LogTracer - chen成功存钱，并刷新了二进制日志与注册表日志，解锁，而且查看了修改后的信息
2025-05-24 14:27:32.275 [pool-1-thread-1] INFO  LogTracer - chen成功存钱
2025-05-24 14:27:36.143 [pool-1-thread-1] INFO  LogTracer - chen成功查询账户
2025-05-24 14:27:36.143 [pool-1-thread-1] INFO  LogTracer - chen成功存钱，并刷新了二进制日志与注册表日志，解锁，而且查看了修改后的信息
2025-05-24 14:27:36.143 [pool-1-thread-1] INFO  LogTracer - chen成功存钱
