13:14:47:569  INFO 30828 --- [main] com.hmall.HMallApplication               : Starting HMallApplication using Java 11.0.30 on localhost with PID 30828 (K:\study\java+JDBC\java code\hm-springcloud\hmall\hm-service\target\classes started by Exu siai in K:\study\java+JDBC\java code\hm-springcloud\hmall)
13:14:47:573 DEBUG 30828 --- [main] com.hmall.HMallApplication               : Running with Spring Boot v2.7.12, Spring v5.3.27
13:14:47:574  INFO 30828 --- [main] com.hmall.HMallApplication               : The following 1 profile is active: "local"
13:14:48:157  INFO 30828 --- [main] .s.d.r.c.RepositoryConfigurationDelegate : Multiple Spring Data modules found, entering strict repository configuration mode
13:14:48:158  INFO 30828 --- [main] .s.d.r.c.RepositoryConfigurationDelegate : Bootstrapping Spring Data Redis repositories in DEFAULT mode.
13:14:48:186  INFO 30828 --- [main] .s.d.r.c.RepositoryConfigurationDelegate : Finished Spring Data repository scanning in 16 ms. Found 0 Redis repository interfaces.
13:14:48:298  INFO 30828 --- [main] o.s.cloud.context.scope.GenericScope     : BeanFactory id=77b4aa08-73ce-3f0a-994b-c3dd17e6a2a2
13:14:48:547  INFO 30828 --- [main] o.s.b.w.embedded.tomcat.TomcatWebServer  : Tomcat initialized with port(s): 8080 (http)
13:14:48:554  INFO 30828 --- [main] o.apache.catalina.core.StandardService   : Starting service [Tomcat]
13:14:48:555  INFO 30828 --- [main] org.apache.catalina.core.StandardEngine  : Starting Servlet engine: [Apache Tomcat/9.0.75]
13:14:48:663  INFO 30828 --- [main] o.a.c.c.C.[Tomcat].[localhost].[/]       : Initializing Spring embedded WebApplicationContext
13:14:48:663  INFO 30828 --- [main] w.s.c.ServletWebServerApplicationContext : Root WebApplicationContext: initialization completed in 1064 ms
13:14:50:248  INFO 30828 --- [main] pertySourcedRequestMappingHandlerMapping : Mapped URL path [/v2/api-docs] onto method [springfox.documentation.swagger2.web.Swagger2ControllerWebMvc#getDocumentation(String, HttpServletRequest)]
13:14:50:917  INFO 30828 --- [main] o.s.b.w.embedded.tomcat.TomcatWebServer  : Tomcat started on port(s): 8080 (http) with context path ''
13:14:51:209  INFO 30828 --- [main] d.s.w.p.DocumentationPluginsBootstrapper : Documentation plugins bootstrapped
13:14:51:212  INFO 30828 --- [main] d.s.w.p.DocumentationPluginsBootstrapper : Found 1 custom documentation plugin(s)
13:14:51:229  INFO 30828 --- [main] s.d.s.w.s.ApiListingReferenceScanner     : Scanning for api listing references
13:14:51:330  INFO 30828 --- [main] com.hmall.HMallApplication               : Started HMallApplication in 4.446 seconds (JVM running for 5.189)
13:15:16:899  INFO 34668 --- [main] com.hmall.HMallApplication               : Starting HMallApplication using Java 11.0.30 on localhost with PID 34668 (K:\study\java+JDBC\java code\hm-springcloud\hmall\hm-service\target\classes started by Exu siai in K:\study\java+JDBC\java code\hm-springcloud\hmall)
13:15:16:901 DEBUG 34668 --- [main] com.hmall.HMallApplication               : Running with Spring Boot v2.7.12, Spring v5.3.27
13:15:16:901  INFO 34668 --- [main] com.hmall.HMallApplication               : The following 1 profile is active: "local"
13:15:17:493  INFO 34668 --- [main] .s.d.r.c.RepositoryConfigurationDelegate : Multiple Spring Data modules found, entering strict repository configuration mode
13:15:17:494  INFO 34668 --- [main] .s.d.r.c.RepositoryConfigurationDelegate : Bootstrapping Spring Data Redis repositories in DEFAULT mode.
13:15:17:521  INFO 34668 --- [main] .s.d.r.c.RepositoryConfigurationDelegate : Finished Spring Data repository scanning in 18 ms. Found 0 Redis repository interfaces.
13:15:17:642  INFO 34668 --- [main] o.s.cloud.context.scope.GenericScope     : BeanFactory id=77b4aa08-73ce-3f0a-994b-c3dd17e6a2a2
13:15:17:880  INFO 34668 --- [main] o.s.b.w.embedded.tomcat.TomcatWebServer  : Tomcat initialized with port(s): 8080 (http)
13:15:17:887  INFO 34668 --- [main] o.apache.catalina.core.StandardService   : Starting service [Tomcat]
13:15:17:887  INFO 34668 --- [main] org.apache.catalina.core.StandardEngine  : Starting Servlet engine: [Apache Tomcat/9.0.75]
13:15:18:002  INFO 34668 --- [main] o.a.c.c.C.[Tomcat].[localhost].[/]       : Initializing Spring embedded WebApplicationContext
13:15:18:002  INFO 34668 --- [main] w.s.c.ServletWebServerApplicationContext : Root WebApplicationContext: initialization completed in 1078 ms
13:15:19:609  INFO 34668 --- [main] pertySourcedRequestMappingHandlerMapping : Mapped URL path [/v2/api-docs] onto method [springfox.documentation.swagger2.web.Swagger2ControllerWebMvc#getDocumentation(String, HttpServletRequest)]
13:15:20:332  INFO 34668 --- [main] o.s.b.w.embedded.tomcat.TomcatWebServer  : Tomcat started on port(s): 8080 (http) with context path ''
13:15:20:639  INFO 34668 --- [main] d.s.w.p.DocumentationPluginsBootstrapper : Documentation plugins bootstrapped
13:15:20:641  INFO 34668 --- [main] d.s.w.p.DocumentationPluginsBootstrapper : Found 1 custom documentation plugin(s)
13:15:20:661  INFO 34668 --- [main] s.d.s.w.s.ApiListingReferenceScanner     : Scanning for api listing references
13:15:20:772  INFO 34668 --- [main] com.hmall.HMallApplication               : Started HMallApplication in 4.579 seconds (JVM running for 5.36)
13:16:04:903  INFO 35200 --- [main] com.hmall.HMallApplication               : Starting HMallApplication using Java 11.0.30 on localhost with PID 35200 (K:\study\java+JDBC\java code\hm-springcloud\hmall\hm-service\target\classes started by Exu siai in K:\study\java+JDBC\java code\hm-springcloud\hmall)
13:16:04:906 DEBUG 35200 --- [main] com.hmall.HMallApplication               : Running with Spring Boot v2.7.12, Spring v5.3.27
13:16:04:906  INFO 35200 --- [main] com.hmall.HMallApplication               : The following 1 profile is active: "local"
13:16:05:511  INFO 35200 --- [main] .s.d.r.c.RepositoryConfigurationDelegate : Multiple Spring Data modules found, entering strict repository configuration mode
13:16:05:512  INFO 35200 --- [main] .s.d.r.c.RepositoryConfigurationDelegate : Bootstrapping Spring Data Redis repositories in DEFAULT mode.
13:16:05:539  INFO 35200 --- [main] .s.d.r.c.RepositoryConfigurationDelegate : Finished Spring Data repository scanning in 17 ms. Found 0 Redis repository interfaces.
13:16:05:667  INFO 35200 --- [main] o.s.cloud.context.scope.GenericScope     : BeanFactory id=77b4aa08-73ce-3f0a-994b-c3dd17e6a2a2
13:16:05:907  INFO 35200 --- [main] o.s.b.w.embedded.tomcat.TomcatWebServer  : Tomcat initialized with port(s): 8080 (http)
13:16:05:912  INFO 35200 --- [main] o.apache.catalina.core.StandardService   : Starting service [Tomcat]
13:16:05:912  INFO 35200 --- [main] org.apache.catalina.core.StandardEngine  : Starting Servlet engine: [Apache Tomcat/9.0.75]
13:16:06:019  INFO 35200 --- [main] o.a.c.c.C.[Tomcat].[localhost].[/]       : Initializing Spring embedded WebApplicationContext
13:16:06:019  INFO 35200 --- [main] w.s.c.ServletWebServerApplicationContext : Root WebApplicationContext: initialization completed in 1082 ms
13:16:07:621  INFO 35200 --- [main] pertySourcedRequestMappingHandlerMapping : Mapped URL path [/v2/api-docs] onto method [springfox.documentation.swagger2.web.Swagger2ControllerWebMvc#getDocumentation(String, HttpServletRequest)]
13:16:08:313  INFO 35200 --- [main] o.s.b.w.embedded.tomcat.TomcatWebServer  : Tomcat started on port(s): 8080 (http) with context path ''
13:16:08:639  INFO 35200 --- [main] d.s.w.p.DocumentationPluginsBootstrapper : Documentation plugins bootstrapped
13:16:08:642  INFO 35200 --- [main] d.s.w.p.DocumentationPluginsBootstrapper : Found 1 custom documentation plugin(s)
13:16:08:661  INFO 35200 --- [main] s.d.s.w.s.ApiListingReferenceScanner     : Scanning for api listing references
13:16:08:773  INFO 35200 --- [main] com.hmall.HMallApplication               : Started HMallApplication in 4.555 seconds (JVM running for 5.35)
