08:31:23:964  INFO 28440 --- [main] com.hmall.gateway.GatewayApplication     : The following 1 profile is active: "dev"
08:31:24:392  INFO 28440 --- [main] o.s.cloud.context.scope.GenericScope     : BeanFactory id=b9f93a4f-d704-3c24-99a8-3e89ca35d2a8
08:31:24:443  INFO 28440 --- [main] trationDelegate$BeanPostProcessorChecker : Bean 'org.springframework.cloud.client.loadbalancer.reactive.LoadBalancerBeanPostProcessorAutoConfiguration' of type [org.springframework.cloud.client.loadbalancer.reactive.LoadBalancerBeanPostProcessorAutoConfiguration] is not eligible for getting processed by all BeanPostProcessors (for example: not eligible for auto-proxying)
08:31:24:444  INFO 28440 --- [main] trationDelegate$BeanPostProcessorChecker : Bean 'org.springframework.cloud.client.loadbalancer.reactive.LoadBalancerBeanPostProcessorAutoConfiguration$ReactorDeferringLoadBalancerFilterConfig' of type [org.springframework.cloud.client.loadbalancer.reactive.LoadBalancerBeanPostProcessorAutoConfiguration$ReactorDeferringLoadBalancerFilterConfig] is not eligible for getting processed by all BeanPostProcessors (for example: not eligible for auto-proxying)
08:31:24:448  INFO 28440 --- [main] trationDelegate$BeanPostProcessorChecker : Bean 'reactorDeferringLoadBalancerExchangeFilterFunction' of type [org.springframework.cloud.client.loadbalancer.reactive.DeferringLoadBalancerExchangeFilterFunction] is not eligible for getting processed by all BeanPostProcessors (for example: not eligible for auto-proxying)
08:31:24:886 DEBUG 28440 --- [main] c.h.gateway.routes.DynamicRouteLoader    : 监听到路由配置信息:[
    {
        "id": "item",
        "predicates": [{
            "name": "Path",
            "args": {"_genkey_0":"/items/**", "_genkey_1":"/search/**"}
        }],
        "filters": [],
        "uri": "lb://item-service"
    },
    {
        "id": "cart",
        "predicates": [{
            "name": "Path",
            "args": {"_genkey_0":"/carts/**"}
        }],
        "filters": [],
        "uri": "lb://cart-service"
    },
    {
        "id": "user",
        "predicates": [{
            "name": "Path",
            "args": {"_genkey_0":"/users/**", "_genkey_1":"/addresses/**"}
        }],
        "filters": [],
        "uri": "lb://user-service"
    },
    {
        "id": "trade",
        "predicates": [{
            "name": "Path",
            "args": {"_genkey_0":"/orders/**"}
        }],
        "filters": [],
        "uri": "lb://trade-service"
    },
    {
        "id": "pay",
        "predicates": [{
            "name": "Path",
            "args": {"_genkey_0":"/pay-orders/**"}
        }],
        "filters": [],
        "uri": "lb://pay-service"
    }
]
08:31:25:908  INFO 28440 --- [main] o.s.c.g.r.RouteDefinitionRouteLocator    : Loaded RoutePredicateFactory [After]
08:31:25:909  INFO 28440 --- [main] o.s.c.g.r.RouteDefinitionRouteLocator    : Loaded RoutePredicateFactory [Before]
08:31:25:909  INFO 28440 --- [main] o.s.c.g.r.RouteDefinitionRouteLocator    : Loaded RoutePredicateFactory [Between]
08:31:25:909  INFO 28440 --- [main] o.s.c.g.r.RouteDefinitionRouteLocator    : Loaded RoutePredicateFactory [Cookie]
08:31:25:909  INFO 28440 --- [main] o.s.c.g.r.RouteDefinitionRouteLocator    : Loaded RoutePredicateFactory [Header]
08:31:25:909  INFO 28440 --- [main] o.s.c.g.r.RouteDefinitionRouteLocator    : Loaded RoutePredicateFactory [Host]
08:31:25:909  INFO 28440 --- [main] o.s.c.g.r.RouteDefinitionRouteLocator    : Loaded RoutePredicateFactory [Method]
08:31:25:909  INFO 28440 --- [main] o.s.c.g.r.RouteDefinitionRouteLocator    : Loaded RoutePredicateFactory [Path]
08:31:25:909  INFO 28440 --- [main] o.s.c.g.r.RouteDefinitionRouteLocator    : Loaded RoutePredicateFactory [Query]
08:31:25:909  INFO 28440 --- [main] o.s.c.g.r.RouteDefinitionRouteLocator    : Loaded RoutePredicateFactory [ReadBody]
08:31:25:909  INFO 28440 --- [main] o.s.c.g.r.RouteDefinitionRouteLocator    : Loaded RoutePredicateFactory [RemoteAddr]
08:31:25:909  INFO 28440 --- [main] o.s.c.g.r.RouteDefinitionRouteLocator    : Loaded RoutePredicateFactory [XForwardedRemoteAddr]
08:31:25:909  INFO 28440 --- [main] o.s.c.g.r.RouteDefinitionRouteLocator    : Loaded RoutePredicateFactory [Weight]
08:31:25:909  INFO 28440 --- [main] o.s.c.g.r.RouteDefinitionRouteLocator    : Loaded RoutePredicateFactory [CloudFoundryRouteService]
08:31:26:613  INFO 28440 --- [main] com.alibaba.nacos.common.remote.client   : [RpcClientFactory] create a new rpc client of fae6513d-e27b-477a-8477-9a01b0563319
08:31:26:614  INFO 28440 --- [main] com.alibaba.nacos.common.remote.client   : [fae6513d-e27b-477a-8477-9a01b0563319] RpcClient init label, labels = {module=naming, source=sdk}
08:31:26:615  INFO 28440 --- [main] com.alibaba.nacos.common.remote.client   : [fae6513d-e27b-477a-8477-9a01b0563319] RpcClient init, ServerListFactory = com.alibaba.nacos.client.naming.core.ServerListManager
08:31:26:615  INFO 28440 --- [main] com.alibaba.nacos.common.remote.client   : [fae6513d-e27b-477a-8477-9a01b0563319] Registry connection listener to current client:com.alibaba.nacos.client.naming.remote.gprc.redo.NamingGrpcRedoService
08:31:26:615  INFO 28440 --- [main] com.alibaba.nacos.common.remote.client   : [fae6513d-e27b-477a-8477-9a01b0563319] Register server push request handler:com.alibaba.nacos.client.naming.remote.gprc.NamingPushRequestHandler
08:31:26:615  INFO 28440 --- [main] com.alibaba.nacos.common.remote.client   : [fae6513d-e27b-477a-8477-9a01b0563319] Try to connect to server on start up, server: {serverIp = '192.168.247.134', server main port = 8848}
08:31:26:747  INFO 28440 --- [main] com.alibaba.nacos.common.remote.client   : [fae6513d-e27b-477a-8477-9a01b0563319] Success to connect to server [192.168.247.134:8848] on start up, connectionId = 1781137887274_192.168.247.1_14705
08:31:26:747  INFO 28440 --- [main] com.alibaba.nacos.common.remote.client   : [fae6513d-e27b-477a-8477-9a01b0563319] Register server push request handler:com.alibaba.nacos.common.remote.client.RpcClient$ConnectResetRequestHandler
08:31:26:747  INFO 28440 --- [main] com.alibaba.nacos.common.remote.client   : [fae6513d-e27b-477a-8477-9a01b0563319] Register server push request handler:com.alibaba.nacos.common.remote.client.RpcClient$$Lambda$469/0x00000008004e7840
08:31:26:747  INFO 28440 --- [com.alibaba.nacos.client.remote.worker] com.alibaba.nacos.common.remote.client   : [fae6513d-e27b-477a-8477-9a01b0563319] Notify connected event to listeners.
08:31:27:117  INFO 28440 --- [main] o.s.b.web.embedded.netty.NettyWebServer  : Netty started on port 8080
08:31:27:347  INFO 28440 --- [nacos-grpc-client-executor-5] com.alibaba.nacos.common.remote.client   : [fae6513d-e27b-477a-8477-9a01b0563319] Receive server push request, request = NotifySubscriberRequest, requestId = 11
08:31:27:347  INFO 28440 --- [nacos-grpc-client-executor-5] com.alibaba.nacos.common.remote.client   : [fae6513d-e27b-477a-8477-9a01b0563319] Ack server push request, request = NotifySubscriberRequest, requestId = 11
08:31:27:835  INFO 28440 --- [main] c.a.c.n.registry.NacosServiceRegistry    : nacos registry, DEFAULT_GROUP gateway 172.29.43.215:8080 register finished
08:31:27:845  INFO 28440 --- [main] com.hmall.gateway.GatewayApplication     : Started GatewayApplication in 7.587 seconds (JVM running for 8.663)
08:31:27:847  INFO 28440 --- [main] c.a.c.n.refresh.NacosContextRefresher    : [Nacos Config] Listening config: dataId=gateway.yaml, group=DEFAULT_GROUP
08:31:27:848  INFO 28440 --- [main] c.a.c.n.refresh.NacosContextRefresher    : [Nacos Config] Listening config: dataId=gateway-dev.yaml, group=DEFAULT_GROUP
08:31:27:848  INFO 28440 --- [main] c.a.c.n.refresh.NacosContextRefresher    : [Nacos Config] Listening config: dataId=gateway, group=DEFAULT_GROUP
08:31:28:343  INFO 28440 --- [nacos-grpc-client-executor-8] com.alibaba.nacos.common.remote.client   : [fae6513d-e27b-477a-8477-9a01b0563319] Receive server push request, request = NotifySubscriberRequest, requestId = 13
08:31:28:346  INFO 28440 --- [nacos-grpc-client-executor-8] com.alibaba.nacos.common.remote.client   : [fae6513d-e27b-477a-8477-9a01b0563319] Ack server push request, request = NotifySubscriberRequest, requestId = 13
08:33:13:271  INFO 28440 --- [nacos-grpc-client-executor-33] com.alibaba.nacos.common.remote.client   : [fae6513d-e27b-477a-8477-9a01b0563319] Receive server push request, request = NotifySubscriberRequest, requestId = 14
08:33:13:271  INFO 28440 --- [nacos-grpc-client-executor-33] com.alibaba.nacos.common.remote.client   : [fae6513d-e27b-477a-8477-9a01b0563319] Ack server push request, request = NotifySubscriberRequest, requestId = 14
08:33:14:272  INFO 28440 --- [nacos-grpc-client-executor-36] com.alibaba.nacos.common.remote.client   : [fae6513d-e27b-477a-8477-9a01b0563319] Receive server push request, request = NotifySubscriberRequest, requestId = 15
08:33:14:272  INFO 28440 --- [nacos-grpc-client-executor-36] com.alibaba.nacos.common.remote.client   : [fae6513d-e27b-477a-8477-9a01b0563319] Ack server push request, request = NotifySubscriberRequest, requestId = 15
10:01:14:598  WARN 28440 --- [Thread-5] c.a.nacos.common.notify.NotifyCenter     : [NotifyCenter] Start destroying Publisher
10:01:14:598  WARN 28440 --- [Thread-1] c.a.n.common.http.HttpClientBeanHolder   : [HttpClientBeanHolder] Start destroying common HttpClient
10:01:14:598  WARN 28440 --- [Thread-5] c.a.nacos.common.notify.NotifyCenter     : [NotifyCenter] Destruction of the end
10:01:14:599  WARN 28440 --- [Thread-1] c.a.n.common.http.HttpClientBeanHolder   : [HttpClientBeanHolder] Destruction of the end
10:01:14:612  INFO 28440 --- [SpringApplicationShutdownHook] c.a.c.n.registry.NacosServiceRegistry    : De-registering from Nacos Server now...
10:01:14:617  INFO 28440 --- [SpringApplicationShutdownHook] c.a.c.n.registry.NacosServiceRegistry    : De-registration finished.
10:01:14:945  INFO 28440 --- [SpringApplicationShutdownHook] com.alibaba.nacos.common.remote.client   : Shutdown rpc client, set status to shutdown
10:01:14:946  INFO 28440 --- [SpringApplicationShutdownHook] com.alibaba.nacos.common.remote.client   : Shutdown client event executor java.util.concurrent.ScheduledThreadPoolExecutor@7b1b6d5d[Running, pool size = 2, active threads = 2, queued tasks = 0, completed tasks = 0]
10:01:14:946  INFO 28440 --- [SpringApplicationShutdownHook] com.alibaba.nacos.common.remote.client   : Close current connection 1781137887274_192.168.247.1_14705
10:01:14:948  INFO 28440 --- [nacos-grpc-client-executor-1173] c.a.n.c.remote.client.grpc.GrpcClient    : [1781137887274_192.168.247.1_14705]Ignore complete event,isRunning:false,isAbandon=false
10:01:14:951  INFO 28440 --- [SpringApplicationShutdownHook] c.a.n.c.remote.client.grpc.GrpcClient    : Shutdown grpc executor java.util.concurrent.ThreadPoolExecutor@83fd2f4[Running, pool size = 6, active threads = 0, queued tasks = 0, completed tasks = 1174]
10:16:48:510  INFO 38168 --- [main] com.hmall.gateway.GatewayApplication     : The following 1 profile is active: "dev"
10:16:49:000  INFO 38168 --- [main] o.s.cloud.context.scope.GenericScope     : BeanFactory id=b9f93a4f-d704-3c24-99a8-3e89ca35d2a8
10:16:49:057  INFO 38168 --- [main] trationDelegate$BeanPostProcessorChecker : Bean 'org.springframework.cloud.client.loadbalancer.reactive.LoadBalancerBeanPostProcessorAutoConfiguration' of type [org.springframework.cloud.client.loadbalancer.reactive.LoadBalancerBeanPostProcessorAutoConfiguration] is not eligible for getting processed by all BeanPostProcessors (for example: not eligible for auto-proxying)
10:16:49:059  INFO 38168 --- [main] trationDelegate$BeanPostProcessorChecker : Bean 'org.springframework.cloud.client.loadbalancer.reactive.LoadBalancerBeanPostProcessorAutoConfiguration$ReactorDeferringLoadBalancerFilterConfig' of type [org.springframework.cloud.client.loadbalancer.reactive.LoadBalancerBeanPostProcessorAutoConfiguration$ReactorDeferringLoadBalancerFilterConfig] is not eligible for getting processed by all BeanPostProcessors (for example: not eligible for auto-proxying)
10:16:49:066  INFO 38168 --- [main] trationDelegate$BeanPostProcessorChecker : Bean 'reactorDeferringLoadBalancerExchangeFilterFunction' of type [org.springframework.cloud.client.loadbalancer.reactive.DeferringLoadBalancerExchangeFilterFunction] is not eligible for getting processed by all BeanPostProcessors (for example: not eligible for auto-proxying)
10:16:49:464 DEBUG 38168 --- [main] c.h.gateway.routes.DynamicRouteLoader    : 监听到路由配置信息:[
    {
        "id": "item",
        "predicates": [{
            "name": "Path",
            "args": {"_genkey_0":"/items/**", "_genkey_1":"/search/**"}
        }],
        "filters": [],
        "uri": "lb://item-service"
    },
    {
        "id": "cart",
        "predicates": [{
            "name": "Path",
            "args": {"_genkey_0":"/carts/**"}
        }],
        "filters": [],
        "uri": "lb://cart-service"
    },
    {
        "id": "user",
        "predicates": [{
            "name": "Path",
            "args": {"_genkey_0":"/users/**", "_genkey_1":"/addresses/**"}
        }],
        "filters": [],
        "uri": "lb://user-service"
    },
    {
        "id": "trade",
        "predicates": [{
            "name": "Path",
            "args": {"_genkey_0":"/orders/**"}
        }],
        "filters": [],
        "uri": "lb://trade-service"
    },
    {
        "id": "pay",
        "predicates": [{
            "name": "Path",
            "args": {"_genkey_0":"/pay-orders/**"}
        }],
        "filters": [],
        "uri": "lb://pay-service"
    }
]
10:16:50:636  INFO 38168 --- [main] o.s.c.g.r.RouteDefinitionRouteLocator    : Loaded RoutePredicateFactory [After]
10:16:50:636  INFO 38168 --- [main] o.s.c.g.r.RouteDefinitionRouteLocator    : Loaded RoutePredicateFactory [Before]
10:16:50:636  INFO 38168 --- [main] o.s.c.g.r.RouteDefinitionRouteLocator    : Loaded RoutePredicateFactory [Between]
10:16:50:636  INFO 38168 --- [main] o.s.c.g.r.RouteDefinitionRouteLocator    : Loaded RoutePredicateFactory [Cookie]
10:16:50:636  INFO 38168 --- [main] o.s.c.g.r.RouteDefinitionRouteLocator    : Loaded RoutePredicateFactory [Header]
10:16:50:636  INFO 38168 --- [main] o.s.c.g.r.RouteDefinitionRouteLocator    : Loaded RoutePredicateFactory [Host]
10:16:50:636  INFO 38168 --- [main] o.s.c.g.r.RouteDefinitionRouteLocator    : Loaded RoutePredicateFactory [Method]
10:16:50:636  INFO 38168 --- [main] o.s.c.g.r.RouteDefinitionRouteLocator    : Loaded RoutePredicateFactory [Path]
10:16:50:636  INFO 38168 --- [main] o.s.c.g.r.RouteDefinitionRouteLocator    : Loaded RoutePredicateFactory [Query]
10:16:50:636  INFO 38168 --- [main] o.s.c.g.r.RouteDefinitionRouteLocator    : Loaded RoutePredicateFactory [ReadBody]
10:16:50:636  INFO 38168 --- [main] o.s.c.g.r.RouteDefinitionRouteLocator    : Loaded RoutePredicateFactory [RemoteAddr]
10:16:50:636  INFO 38168 --- [main] o.s.c.g.r.RouteDefinitionRouteLocator    : Loaded RoutePredicateFactory [XForwardedRemoteAddr]
10:16:50:636  INFO 38168 --- [main] o.s.c.g.r.RouteDefinitionRouteLocator    : Loaded RoutePredicateFactory [Weight]
10:16:50:636  INFO 38168 --- [main] o.s.c.g.r.RouteDefinitionRouteLocator    : Loaded RoutePredicateFactory [CloudFoundryRouteService]
10:16:51:358  INFO 38168 --- [main] com.alibaba.nacos.common.remote.client   : [RpcClientFactory] create a new rpc client of 3b5f0513-40c9-4410-8591-200f52616cda
10:16:51:358  INFO 38168 --- [main] com.alibaba.nacos.common.remote.client   : [3b5f0513-40c9-4410-8591-200f52616cda] RpcClient init label, labels = {module=naming, source=sdk}
10:16:51:360  INFO 38168 --- [main] com.alibaba.nacos.common.remote.client   : [3b5f0513-40c9-4410-8591-200f52616cda] RpcClient init, ServerListFactory = com.alibaba.nacos.client.naming.core.ServerListManager
10:16:51:360  INFO 38168 --- [main] com.alibaba.nacos.common.remote.client   : [3b5f0513-40c9-4410-8591-200f52616cda] Registry connection listener to current client:com.alibaba.nacos.client.naming.remote.gprc.redo.NamingGrpcRedoService
10:16:51:360  INFO 38168 --- [main] com.alibaba.nacos.common.remote.client   : [3b5f0513-40c9-4410-8591-200f52616cda] Register server push request handler:com.alibaba.nacos.client.naming.remote.gprc.NamingPushRequestHandler
10:16:51:360  INFO 38168 --- [main] com.alibaba.nacos.common.remote.client   : [3b5f0513-40c9-4410-8591-200f52616cda] Try to connect to server on start up, server: {serverIp = '192.168.247.134', server main port = 8848}
10:16:51:485  INFO 38168 --- [main] com.alibaba.nacos.common.remote.client   : [3b5f0513-40c9-4410-8591-200f52616cda] Success to connect to server [192.168.247.134:8848] on start up, connectionId = 1781144212172_192.168.247.1_7179
10:16:51:485  INFO 38168 --- [main] com.alibaba.nacos.common.remote.client   : [3b5f0513-40c9-4410-8591-200f52616cda] Register server push request handler:com.alibaba.nacos.common.remote.client.RpcClient$ConnectResetRequestHandler
10:16:51:485  INFO 38168 --- [main] com.alibaba.nacos.common.remote.client   : [3b5f0513-40c9-4410-8591-200f52616cda] Register server push request handler:com.alibaba.nacos.common.remote.client.RpcClient$$Lambda$469/0x0000000800528040
10:16:51:485  INFO 38168 --- [com.alibaba.nacos.client.remote.worker] com.alibaba.nacos.common.remote.client   : [3b5f0513-40c9-4410-8591-200f52616cda] Notify connected event to listeners.
10:16:51:812  INFO 38168 --- [main] o.s.b.web.embedded.netty.NettyWebServer  : Netty started on port 8080
10:16:52:030  INFO 38168 --- [nacos-grpc-client-executor-4] com.alibaba.nacos.common.remote.client   : [3b5f0513-40c9-4410-8591-200f52616cda] Receive server push request, request = NotifySubscriberRequest, requestId = 12
10:16:52:030  INFO 38168 --- [nacos-grpc-client-executor-4] com.alibaba.nacos.common.remote.client   : [3b5f0513-40c9-4410-8591-200f52616cda] Ack server push request, request = NotifySubscriberRequest, requestId = 12
10:16:52:508  INFO 38168 --- [main] c.a.c.n.registry.NacosServiceRegistry    : nacos registry, DEFAULT_GROUP gateway 172.29.43.215:8080 register finished
10:16:52:520  INFO 38168 --- [main] com.hmall.gateway.GatewayApplication     : Started GatewayApplication in 7.39 seconds (JVM running for 8.693)
10:16:52:522  INFO 38168 --- [main] c.a.c.n.refresh.NacosContextRefresher    : [Nacos Config] Listening config: dataId=gateway.yaml, group=DEFAULT_GROUP
10:16:52:522  INFO 38168 --- [main] c.a.c.n.refresh.NacosContextRefresher    : [Nacos Config] Listening config: dataId=gateway-dev.yaml, group=DEFAULT_GROUP
10:16:52:522  INFO 38168 --- [main] c.a.c.n.refresh.NacosContextRefresher    : [Nacos Config] Listening config: dataId=gateway, group=DEFAULT_GROUP
10:16:53:024  INFO 38168 --- [nacos-grpc-client-executor-8] com.alibaba.nacos.common.remote.client   : [3b5f0513-40c9-4410-8591-200f52616cda] Receive server push request, request = NotifySubscriberRequest, requestId = 13
10:16:53:025  INFO 38168 --- [nacos-grpc-client-executor-8] com.alibaba.nacos.common.remote.client   : [3b5f0513-40c9-4410-8591-200f52616cda] Ack server push request, request = NotifySubscriberRequest, requestId = 13
11:30:47:122  WARN 38168 --- [Thread-5] c.a.nacos.common.notify.NotifyCenter     : [NotifyCenter] Start destroying Publisher
11:30:47:122  WARN 38168 --- [Thread-1] c.a.n.common.http.HttpClientBeanHolder   : [HttpClientBeanHolder] Start destroying common HttpClient
11:30:47:123  WARN 38168 --- [Thread-5] c.a.nacos.common.notify.NotifyCenter     : [NotifyCenter] Destruction of the end
11:30:47:123  WARN 38168 --- [Thread-1] c.a.n.common.http.HttpClientBeanHolder   : [HttpClientBeanHolder] Destruction of the end
11:30:47:140  INFO 38168 --- [SpringApplicationShutdownHook] c.a.c.n.registry.NacosServiceRegistry    : De-registering from Nacos Server now...
11:30:47:144  INFO 38168 --- [SpringApplicationShutdownHook] c.a.c.n.registry.NacosServiceRegistry    : De-registration finished.
11:30:47:467  INFO 38168 --- [SpringApplicationShutdownHook] com.alibaba.nacos.common.remote.client   : Shutdown rpc client, set status to shutdown
11:30:47:467  INFO 38168 --- [SpringApplicationShutdownHook] com.alibaba.nacos.common.remote.client   : Shutdown client event executor java.util.concurrent.ScheduledThreadPoolExecutor@db4bcf4[Running, pool size = 2, active threads = 2, queued tasks = 0, completed tasks = 0]
11:30:47:467  INFO 38168 --- [SpringApplicationShutdownHook] com.alibaba.nacos.common.remote.client   : Close current connection 1781144212172_192.168.247.1_7179
11:30:47:469  INFO 38168 --- [nacos-grpc-client-executor-906] c.a.n.c.remote.client.grpc.GrpcClient    : [1781144212172_192.168.247.1_7179]Ignore complete event,isRunning:false,isAbandon=false
11:30:47:471  INFO 38168 --- [SpringApplicationShutdownHook] c.a.n.c.remote.client.grpc.GrpcClient    : Shutdown grpc executor java.util.concurrent.ThreadPoolExecutor@1453dd98[Running, pool size = 5, active threads = 0, queued tasks = 0, completed tasks = 907]
13:00:45:861  INFO 31020 --- [main] com.hmall.gateway.GatewayApplication     : The following 1 profile is active: "dev"
13:00:46:291  INFO 31020 --- [main] o.s.cloud.context.scope.GenericScope     : BeanFactory id=b9f93a4f-d704-3c24-99a8-3e89ca35d2a8
13:00:46:333  INFO 31020 --- [main] trationDelegate$BeanPostProcessorChecker : Bean 'org.springframework.cloud.client.loadbalancer.reactive.LoadBalancerBeanPostProcessorAutoConfiguration' of type [org.springframework.cloud.client.loadbalancer.reactive.LoadBalancerBeanPostProcessorAutoConfiguration] is not eligible for getting processed by all BeanPostProcessors (for example: not eligible for auto-proxying)
13:00:46:333  INFO 31020 --- [main] trationDelegate$BeanPostProcessorChecker : Bean 'org.springframework.cloud.client.loadbalancer.reactive.LoadBalancerBeanPostProcessorAutoConfiguration$ReactorDeferringLoadBalancerFilterConfig' of type [org.springframework.cloud.client.loadbalancer.reactive.LoadBalancerBeanPostProcessorAutoConfiguration$ReactorDeferringLoadBalancerFilterConfig] is not eligible for getting processed by all BeanPostProcessors (for example: not eligible for auto-proxying)
13:00:46:335  INFO 31020 --- [main] trationDelegate$BeanPostProcessorChecker : Bean 'reactorDeferringLoadBalancerExchangeFilterFunction' of type [org.springframework.cloud.client.loadbalancer.reactive.DeferringLoadBalancerExchangeFilterFunction] is not eligible for getting processed by all BeanPostProcessors (for example: not eligible for auto-proxying)
13:00:46:705 DEBUG 31020 --- [main] c.h.gateway.routes.DynamicRouteLoader    : 监听到路由配置信息:[
    {
        "id": "item",
        "predicates": [{
            "name": "Path",
            "args": {"_genkey_0":"/items/**", "_genkey_1":"/search/**"}
        }],
        "filters": [],
        "uri": "lb://item-service"
    },
    {
        "id": "cart",
        "predicates": [{
            "name": "Path",
            "args": {"_genkey_0":"/carts/**"}
        }],
        "filters": [],
        "uri": "lb://cart-service"
    },
    {
        "id": "user",
        "predicates": [{
            "name": "Path",
            "args": {"_genkey_0":"/users/**", "_genkey_1":"/addresses/**"}
        }],
        "filters": [],
        "uri": "lb://user-service"
    },
    {
        "id": "trade",
        "predicates": [{
            "name": "Path",
            "args": {"_genkey_0":"/orders/**"}
        }],
        "filters": [],
        "uri": "lb://trade-service"
    },
    {
        "id": "pay",
        "predicates": [{
            "name": "Path",
            "args": {"_genkey_0":"/pay-orders/**"}
        }],
        "filters": [],
        "uri": "lb://pay-service"
    }
]
13:00:47:602  INFO 31020 --- [main] o.s.c.g.r.RouteDefinitionRouteLocator    : Loaded RoutePredicateFactory [After]
13:00:47:602  INFO 31020 --- [main] o.s.c.g.r.RouteDefinitionRouteLocator    : Loaded RoutePredicateFactory [Before]
13:00:47:602  INFO 31020 --- [main] o.s.c.g.r.RouteDefinitionRouteLocator    : Loaded RoutePredicateFactory [Between]
13:00:47:602  INFO 31020 --- [main] o.s.c.g.r.RouteDefinitionRouteLocator    : Loaded RoutePredicateFactory [Cookie]
13:00:47:602  INFO 31020 --- [main] o.s.c.g.r.RouteDefinitionRouteLocator    : Loaded RoutePredicateFactory [Header]
13:00:47:602  INFO 31020 --- [main] o.s.c.g.r.RouteDefinitionRouteLocator    : Loaded RoutePredicateFactory [Host]
13:00:47:602  INFO 31020 --- [main] o.s.c.g.r.RouteDefinitionRouteLocator    : Loaded RoutePredicateFactory [Method]
13:00:47:604  INFO 31020 --- [main] o.s.c.g.r.RouteDefinitionRouteLocator    : Loaded RoutePredicateFactory [Path]
13:00:47:604  INFO 31020 --- [main] o.s.c.g.r.RouteDefinitionRouteLocator    : Loaded RoutePredicateFactory [Query]
13:00:47:604  INFO 31020 --- [main] o.s.c.g.r.RouteDefinitionRouteLocator    : Loaded RoutePredicateFactory [ReadBody]
13:00:47:604  INFO 31020 --- [main] o.s.c.g.r.RouteDefinitionRouteLocator    : Loaded RoutePredicateFactory [RemoteAddr]
13:00:47:604  INFO 31020 --- [main] o.s.c.g.r.RouteDefinitionRouteLocator    : Loaded RoutePredicateFactory [XForwardedRemoteAddr]
13:00:47:604  INFO 31020 --- [main] o.s.c.g.r.RouteDefinitionRouteLocator    : Loaded RoutePredicateFactory [Weight]
13:00:47:604  INFO 31020 --- [main] o.s.c.g.r.RouteDefinitionRouteLocator    : Loaded RoutePredicateFactory [CloudFoundryRouteService]
13:00:48:298  INFO 31020 --- [main] com.alibaba.nacos.common.remote.client   : [RpcClientFactory] create a new rpc client of 81442aa6-b193-4eed-904d-60c846a43869
13:00:48:298  INFO 31020 --- [main] com.alibaba.nacos.common.remote.client   : [81442aa6-b193-4eed-904d-60c846a43869] RpcClient init label, labels = {module=naming, source=sdk}
13:00:48:299  INFO 31020 --- [main] com.alibaba.nacos.common.remote.client   : [81442aa6-b193-4eed-904d-60c846a43869] RpcClient init, ServerListFactory = com.alibaba.nacos.client.naming.core.ServerListManager
13:00:48:299  INFO 31020 --- [main] com.alibaba.nacos.common.remote.client   : [81442aa6-b193-4eed-904d-60c846a43869] Registry connection listener to current client:com.alibaba.nacos.client.naming.remote.gprc.redo.NamingGrpcRedoService
13:00:48:299  INFO 31020 --- [main] com.alibaba.nacos.common.remote.client   : [81442aa6-b193-4eed-904d-60c846a43869] Register server push request handler:com.alibaba.nacos.client.naming.remote.gprc.NamingPushRequestHandler
13:00:48:299  INFO 31020 --- [main] com.alibaba.nacos.common.remote.client   : [81442aa6-b193-4eed-904d-60c846a43869] Try to connect to server on start up, server: {serverIp = '192.168.247.134', server main port = 8848}
13:00:48:429  INFO 31020 --- [main] com.alibaba.nacos.common.remote.client   : [81442aa6-b193-4eed-904d-60c846a43869] Success to connect to server [192.168.247.134:8848] on start up, connectionId = 1781154049133_192.168.247.1_14016
13:00:48:429  INFO 31020 --- [main] com.alibaba.nacos.common.remote.client   : [81442aa6-b193-4eed-904d-60c846a43869] Register server push request handler:com.alibaba.nacos.common.remote.client.RpcClient$ConnectResetRequestHandler
13:00:48:429  INFO 31020 --- [main] com.alibaba.nacos.common.remote.client   : [81442aa6-b193-4eed-904d-60c846a43869] Register server push request handler:com.alibaba.nacos.common.remote.client.RpcClient$$Lambda$469/0x0000000800528040
13:00:48:429  INFO 31020 --- [com.alibaba.nacos.client.remote.worker] com.alibaba.nacos.common.remote.client   : [81442aa6-b193-4eed-904d-60c846a43869] Notify connected event to listeners.
13:00:48:745  INFO 31020 --- [main] o.s.b.web.embedded.netty.NettyWebServer  : Netty started on port 8080
13:00:48:970  INFO 31020 --- [nacos-grpc-client-executor-5] com.alibaba.nacos.common.remote.client   : [81442aa6-b193-4eed-904d-60c846a43869] Receive server push request, request = NotifySubscriberRequest, requestId = 12
13:00:48:971  INFO 31020 --- [nacos-grpc-client-executor-5] com.alibaba.nacos.common.remote.client   : [81442aa6-b193-4eed-904d-60c846a43869] Ack server push request, request = NotifySubscriberRequest, requestId = 12
13:00:49:394  INFO 31020 --- [main] c.a.c.n.registry.NacosServiceRegistry    : nacos registry, DEFAULT_GROUP gateway 192.168.1.3:8080 register finished
13:00:49:405  INFO 31020 --- [main] com.hmall.gateway.GatewayApplication     : Started GatewayApplication in 6.331 seconds (JVM running for 7.044)
13:00:49:407  INFO 31020 --- [main] c.a.c.n.refresh.NacosContextRefresher    : [Nacos Config] Listening config: dataId=gateway.yaml, group=DEFAULT_GROUP
13:00:49:408  INFO 31020 --- [main] c.a.c.n.refresh.NacosContextRefresher    : [Nacos Config] Listening config: dataId=gateway-dev.yaml, group=DEFAULT_GROUP
13:00:49:408  INFO 31020 --- [main] c.a.c.n.refresh.NacosContextRefresher    : [Nacos Config] Listening config: dataId=gateway, group=DEFAULT_GROUP
13:00:49:964  INFO 31020 --- [nacos-grpc-client-executor-8] com.alibaba.nacos.common.remote.client   : [81442aa6-b193-4eed-904d-60c846a43869] Receive server push request, request = NotifySubscriberRequest, requestId = 13
13:00:49:966  INFO 31020 --- [nacos-grpc-client-executor-8] com.alibaba.nacos.common.remote.client   : [81442aa6-b193-4eed-904d-60c846a43869] Ack server push request, request = NotifySubscriberRequest, requestId = 13
14:32:03:101  WARN 31020 --- [Thread-1] c.a.n.common.http.HttpClientBeanHolder   : [HttpClientBeanHolder] Start destroying common HttpClient
14:32:03:101  WARN 31020 --- [Thread-5] c.a.nacos.common.notify.NotifyCenter     : [NotifyCenter] Start destroying Publisher
14:32:03:102  WARN 31020 --- [Thread-5] c.a.nacos.common.notify.NotifyCenter     : [NotifyCenter] Destruction of the end
14:32:03:102  WARN 31020 --- [Thread-1] c.a.n.common.http.HttpClientBeanHolder   : [HttpClientBeanHolder] Destruction of the end
14:32:03:118  INFO 31020 --- [SpringApplicationShutdownHook] c.a.c.n.registry.NacosServiceRegistry    : De-registering from Nacos Server now...
14:32:03:123  INFO 31020 --- [SpringApplicationShutdownHook] c.a.c.n.registry.NacosServiceRegistry    : De-registration finished.
14:32:03:459  INFO 31020 --- [SpringApplicationShutdownHook] com.alibaba.nacos.common.remote.client   : Shutdown rpc client, set status to shutdown
14:32:03:459  INFO 31020 --- [SpringApplicationShutdownHook] com.alibaba.nacos.common.remote.client   : Shutdown client event executor java.util.concurrent.ScheduledThreadPoolExecutor@3549b108[Running, pool size = 2, active threads = 2, queued tasks = 0, completed tasks = 0]
14:32:03:460  INFO 31020 --- [SpringApplicationShutdownHook] com.alibaba.nacos.common.remote.client   : Close current connection 1781154049133_192.168.247.1_14016
14:32:03:462  INFO 31020 --- [nacos-grpc-client-executor-1116] c.a.n.c.remote.client.grpc.GrpcClient    : [1781154049133_192.168.247.1_14016]Ignore complete event,isRunning:false,isAbandon=false
14:32:03:464  INFO 31020 --- [SpringApplicationShutdownHook] c.a.n.c.remote.client.grpc.GrpcClient    : Shutdown grpc executor java.util.concurrent.ThreadPoolExecutor@1c72285c[Running, pool size = 4, active threads = 0, queued tasks = 0, completed tasks = 1117]
