08:31:16:608  INFO 27276 --- [main] com.hmall.pay.PayApplication             : The following 1 profile is active: "local"
08:31:17:466  INFO 27276 --- [main] .s.d.r.c.RepositoryConfigurationDelegate : Multiple Spring Data modules found, entering strict repository configuration mode
08:31:17:470  INFO 27276 --- [main] .s.d.r.c.RepositoryConfigurationDelegate : Bootstrapping Spring Data Redis repositories in DEFAULT mode.
08:31:17:502  INFO 27276 --- [main] .s.d.r.c.RepositoryConfigurationDelegate : Finished Spring Data repository scanning in 12 ms. Found 0 Redis repository interfaces.
08:31:17:832  INFO 27276 --- [main] o.s.cloud.context.scope.GenericScope     : BeanFactory id=e57ac2e0-7550-3b47-ad02-c214d32ce4d0
08:31:18:308  INFO 27276 --- [main] o.s.b.w.embedded.tomcat.TomcatWebServer  : Tomcat initialized with port(s): 8086 (http)
08:31:18:319  INFO 27276 --- [main] o.apache.catalina.core.StandardService   : Starting service [Tomcat]
08:31:18:319  INFO 27276 --- [main] org.apache.catalina.core.StandardEngine  : Starting Servlet engine: [Apache Tomcat/9.0.75]
08:31:18:455  INFO 27276 --- [main] o.a.c.c.C.[Tomcat].[localhost].[/]       : Initializing Spring embedded WebApplicationContext
08:31:18:455  INFO 27276 --- [main] w.s.c.ServletWebServerApplicationContext : Root WebApplicationContext: initialization completed in 1828 ms
08:31:18:726  INFO 27276 --- [main] o.s.c.openfeign.FeignClientFactoryBean   : For 'user-service' URL not provided. Will try picking an instance via load-balancing.
08:31:21:159  INFO 27276 --- [main] c.a.c.sentinel.SentinelWebMvcConfigurer  : [Sentinel Starter] register SentinelWebInterceptor with urlPatterns: [/**].
08:31:21:986  INFO 27276 --- [main] pertySourcedRequestMappingHandlerMapping : Mapped URL path [/v2/api-docs] onto method [springfox.documentation.swagger2.web.Swagger2ControllerWebMvc#getDocumentation(String, HttpServletRequest)]
08:31:22:965  INFO 27276 --- [main] com.alibaba.nacos.common.remote.client   : [RpcClientFactory] create a new rpc client of 1cfcca34-8f26-47a3-9b50-777d47a23eec
08:31:22:967  INFO 27276 --- [main] com.alibaba.nacos.common.remote.client   : [1cfcca34-8f26-47a3-9b50-777d47a23eec] RpcClient init label, labels = {module=naming, source=sdk}
08:31:22:968  INFO 27276 --- [main] com.alibaba.nacos.common.remote.client   : [1cfcca34-8f26-47a3-9b50-777d47a23eec] RpcClient init, ServerListFactory = com.alibaba.nacos.client.naming.core.ServerListManager
08:31:22:968  INFO 27276 --- [main] com.alibaba.nacos.common.remote.client   : [1cfcca34-8f26-47a3-9b50-777d47a23eec] Registry connection listener to current client:com.alibaba.nacos.client.naming.remote.gprc.redo.NamingGrpcRedoService
08:31:22:968  INFO 27276 --- [main] com.alibaba.nacos.common.remote.client   : [1cfcca34-8f26-47a3-9b50-777d47a23eec] Register server push request handler:com.alibaba.nacos.client.naming.remote.gprc.NamingPushRequestHandler
08:31:22:968  INFO 27276 --- [main] com.alibaba.nacos.common.remote.client   : [1cfcca34-8f26-47a3-9b50-777d47a23eec] Try to connect to server on start up, server: {serverIp = '192.168.247.134', server main port = 8848}
08:31:23:090  INFO 27276 --- [main] com.alibaba.nacos.common.remote.client   : [1cfcca34-8f26-47a3-9b50-777d47a23eec] Success to connect to server [192.168.247.134:8848] on start up, connectionId = 1781137883628_192.168.247.1_14682
08:31:23:090  INFO 27276 --- [main] com.alibaba.nacos.common.remote.client   : [1cfcca34-8f26-47a3-9b50-777d47a23eec] Register server push request handler:com.alibaba.nacos.common.remote.client.RpcClient$ConnectResetRequestHandler
08:31:23:090  INFO 27276 --- [main] com.alibaba.nacos.common.remote.client   : [1cfcca34-8f26-47a3-9b50-777d47a23eec] Register server push request handler:com.alibaba.nacos.common.remote.client.RpcClient$$Lambda$477/0x00000008003fa840
08:31:23:090  INFO 27276 --- [com.alibaba.nacos.client.remote.worker] com.alibaba.nacos.common.remote.client   : [1cfcca34-8f26-47a3-9b50-777d47a23eec] Notify connected event to listeners.
08:31:23:129  INFO 27276 --- [main] o.s.b.w.embedded.tomcat.TomcatWebServer  : Tomcat started on port(s): 8086 (http) with context path ''
08:31:23:138  INFO 27276 --- [main] c.a.c.n.registry.NacosServiceRegistry    : nacos registry, DEFAULT_GROUP pay-service 172.29.43.215:8086 register finished
08:31:23:598  INFO 27276 --- [main] d.s.w.p.DocumentationPluginsBootstrapper : Documentation plugins bootstrapped
08:31:23:601  INFO 27276 --- [main] d.s.w.p.DocumentationPluginsBootstrapper : Found 1 custom documentation plugin(s)
08:31:23:635  INFO 27276 --- [main] s.d.s.w.s.ApiListingReferenceScanner     : Scanning for api listing references
08:31:23:658  INFO 27276 --- [nacos-grpc-client-executor-9] com.alibaba.nacos.common.remote.client   : [1cfcca34-8f26-47a3-9b50-777d47a23eec] Receive server push request, request = NotifySubscriberRequest, requestId = 9
08:31:23:663  INFO 27276 --- [nacos-grpc-client-executor-9] com.alibaba.nacos.common.remote.client   : [1cfcca34-8f26-47a3-9b50-777d47a23eec] Ack server push request, request = NotifySubscriberRequest, requestId = 9
08:31:23:727  INFO 27276 --- [main] com.hmall.pay.PayApplication             : Started PayApplication in 11.203 seconds (JVM running for 12.07)
08:31:23:732  INFO 27276 --- [main] c.a.c.n.refresh.NacosContextRefresher    : [Nacos Config] Listening config: dataId=pay-service, group=DEFAULT_GROUP
08:31:23:732  INFO 27276 --- [main] c.a.c.n.refresh.NacosContextRefresher    : [Nacos Config] Listening config: dataId=pay-service.yaml, group=DEFAULT_GROUP
08:31:23:732  INFO 27276 --- [main] c.a.c.n.refresh.NacosContextRefresher    : [Nacos Config] Listening config: dataId=pay-service-local.yaml, group=DEFAULT_GROUP
10:01:14:593  WARN 27276 --- [Thread-1] c.a.n.common.http.HttpClientBeanHolder   : [HttpClientBeanHolder] Start destroying common HttpClient
10:01:14:593  WARN 27276 --- [Thread-5] c.a.nacos.common.notify.NotifyCenter     : [NotifyCenter] Start destroying Publisher
10:01:14:593  WARN 27276 --- [Thread-5] c.a.nacos.common.notify.NotifyCenter     : [NotifyCenter] Destruction of the end
10:01:14:595  WARN 27276 --- [Thread-1] c.a.n.common.http.HttpClientBeanHolder   : [HttpClientBeanHolder] Destruction of the end
10:01:15:050  INFO 27276 --- [SpringApplicationShutdownHook] c.a.c.n.registry.NacosServiceRegistry    : De-registering from Nacos Server now...
10:01:15:053  INFO 27276 --- [SpringApplicationShutdownHook] c.a.c.n.registry.NacosServiceRegistry    : De-registration finished.
10:01:15:383  INFO 27276 --- [SpringApplicationShutdownHook] com.alibaba.nacos.common.remote.client   : Shutdown rpc client, set status to shutdown
10:01:15:383  INFO 27276 --- [SpringApplicationShutdownHook] com.alibaba.nacos.common.remote.client   : Shutdown client event executor java.util.concurrent.ScheduledThreadPoolExecutor@7e618ea1[Running, pool size = 2, active threads = 2, queued tasks = 0, completed tasks = 0]
10:01:15:383  INFO 27276 --- [SpringApplicationShutdownHook] com.alibaba.nacos.common.remote.client   : Close current connection 1781137883628_192.168.247.1_14682
10:01:15:387  INFO 27276 --- [nacos-grpc-client-executor-1097] c.a.n.c.remote.client.grpc.GrpcClient    : [1781137883628_192.168.247.1_14682]Ignore complete event,isRunning:false,isAbandon=false
10:01:15:390  INFO 27276 --- [SpringApplicationShutdownHook] c.a.n.c.remote.client.grpc.GrpcClient    : Shutdown grpc executor java.util.concurrent.ThreadPoolExecutor@3d68051b[Running, pool size = 5, active threads = 0, queued tasks = 0, completed tasks = 1098]
10:16:38:164  INFO 16248 --- [main] com.hmall.pay.PayApplication             : The following 1 profile is active: "local"
10:16:39:118  INFO 16248 --- [main] .s.d.r.c.RepositoryConfigurationDelegate : Multiple Spring Data modules found, entering strict repository configuration mode
10:16:39:119  INFO 16248 --- [main] .s.d.r.c.RepositoryConfigurationDelegate : Bootstrapping Spring Data Redis repositories in DEFAULT mode.
10:16:39:151  INFO 16248 --- [main] .s.d.r.c.RepositoryConfigurationDelegate : Finished Spring Data repository scanning in 19 ms. Found 0 Redis repository interfaces.
10:16:39:378  INFO 16248 --- [main] o.s.cloud.context.scope.GenericScope     : BeanFactory id=e57ac2e0-7550-3b47-ad02-c214d32ce4d0
10:16:39:923  INFO 16248 --- [main] o.s.b.w.embedded.tomcat.TomcatWebServer  : Tomcat initialized with port(s): 8086 (http)
10:16:39:935  INFO 16248 --- [main] o.apache.catalina.core.StandardService   : Starting service [Tomcat]
10:16:39:935  INFO 16248 --- [main] org.apache.catalina.core.StandardEngine  : Starting Servlet engine: [Apache Tomcat/9.0.75]
10:16:40:269  INFO 16248 --- [main] o.a.c.c.C.[Tomcat].[localhost].[/]       : Initializing Spring embedded WebApplicationContext
10:16:40:271  INFO 16248 --- [main] w.s.c.ServletWebServerApplicationContext : Root WebApplicationContext: initialization completed in 2092 ms
10:16:40:540  INFO 16248 --- [main] o.s.c.openfeign.FeignClientFactoryBean   : For 'user-service' URL not provided. Will try picking an instance via load-balancing.
10:16:42:641  INFO 16248 --- [main] c.a.c.sentinel.SentinelWebMvcConfigurer  : [Sentinel Starter] register SentinelWebInterceptor with urlPatterns: [/**].
10:16:43:500  INFO 16248 --- [main] pertySourcedRequestMappingHandlerMapping : Mapped URL path [/v2/api-docs] onto method [springfox.documentation.swagger2.web.Swagger2ControllerWebMvc#getDocumentation(String, HttpServletRequest)]
10:16:44:653  INFO 16248 --- [main] com.alibaba.nacos.common.remote.client   : [RpcClientFactory] create a new rpc client of 51e3ecb6-e328-4a15-aae0-5e06484cc2b8
10:16:44:654  INFO 16248 --- [main] com.alibaba.nacos.common.remote.client   : [51e3ecb6-e328-4a15-aae0-5e06484cc2b8] RpcClient init label, labels = {module=naming, source=sdk}
10:16:44:656  INFO 16248 --- [main] com.alibaba.nacos.common.remote.client   : [51e3ecb6-e328-4a15-aae0-5e06484cc2b8] RpcClient init, ServerListFactory = com.alibaba.nacos.client.naming.core.ServerListManager
10:16:44:656  INFO 16248 --- [main] com.alibaba.nacos.common.remote.client   : [51e3ecb6-e328-4a15-aae0-5e06484cc2b8] Registry connection listener to current client:com.alibaba.nacos.client.naming.remote.gprc.redo.NamingGrpcRedoService
10:16:44:657  INFO 16248 --- [main] com.alibaba.nacos.common.remote.client   : [51e3ecb6-e328-4a15-aae0-5e06484cc2b8] Register server push request handler:com.alibaba.nacos.client.naming.remote.gprc.NamingPushRequestHandler
10:16:44:657  INFO 16248 --- [main] com.alibaba.nacos.common.remote.client   : [51e3ecb6-e328-4a15-aae0-5e06484cc2b8] Try to connect to server on start up, server: {serverIp = '192.168.247.134', server main port = 8848}
10:16:44:789  INFO 16248 --- [main] com.alibaba.nacos.common.remote.client   : [51e3ecb6-e328-4a15-aae0-5e06484cc2b8] Success to connect to server [192.168.247.134:8848] on start up, connectionId = 1781144205472_192.168.247.1_6962
10:16:44:789  INFO 16248 --- [main] com.alibaba.nacos.common.remote.client   : [51e3ecb6-e328-4a15-aae0-5e06484cc2b8] Register server push request handler:com.alibaba.nacos.common.remote.client.RpcClient$ConnectResetRequestHandler
10:16:44:789  INFO 16248 --- [main] com.alibaba.nacos.common.remote.client   : [51e3ecb6-e328-4a15-aae0-5e06484cc2b8] Register server push request handler:com.alibaba.nacos.common.remote.client.RpcClient$$Lambda$477/0x00000008003fa840
10:16:44:789  INFO 16248 --- [com.alibaba.nacos.client.remote.worker] com.alibaba.nacos.common.remote.client   : [51e3ecb6-e328-4a15-aae0-5e06484cc2b8] Notify connected event to listeners.
10:16:44:842  INFO 16248 --- [main] o.s.b.w.embedded.tomcat.TomcatWebServer  : Tomcat started on port(s): 8086 (http) with context path ''
10:16:44:854  INFO 16248 --- [main] c.a.c.n.registry.NacosServiceRegistry    : nacos registry, DEFAULT_GROUP pay-service 172.29.43.215:8086 register finished
10:16:45:323  INFO 16248 --- [nacos-grpc-client-executor-7] com.alibaba.nacos.common.remote.client   : [51e3ecb6-e328-4a15-aae0-5e06484cc2b8] Receive server push request, request = NotifySubscriberRequest, requestId = 9
10:16:45:328  INFO 16248 --- [nacos-grpc-client-executor-7] com.alibaba.nacos.common.remote.client   : [51e3ecb6-e328-4a15-aae0-5e06484cc2b8] Ack server push request, request = NotifySubscriberRequest, requestId = 9
10:16:45:410  INFO 16248 --- [main] d.s.w.p.DocumentationPluginsBootstrapper : Documentation plugins bootstrapped
10:16:45:413  INFO 16248 --- [main] d.s.w.p.DocumentationPluginsBootstrapper : Found 1 custom documentation plugin(s)
10:16:45:434  INFO 16248 --- [main] s.d.s.w.s.ApiListingReferenceScanner     : Scanning for api listing references
10:16:45:526  INFO 16248 --- [main] com.hmall.pay.PayApplication             : Started PayApplication in 11.838 seconds (JVM running for 13.374)
10:16:45:531  INFO 16248 --- [main] c.a.c.n.refresh.NacosContextRefresher    : [Nacos Config] Listening config: dataId=pay-service, group=DEFAULT_GROUP
10:16:45:533  INFO 16248 --- [main] c.a.c.n.refresh.NacosContextRefresher    : [Nacos Config] Listening config: dataId=pay-service.yaml, group=DEFAULT_GROUP
10:16:45:533  INFO 16248 --- [main] c.a.c.n.refresh.NacosContextRefresher    : [Nacos Config] Listening config: dataId=pay-service-local.yaml, group=DEFAULT_GROUP
11:30:47:098  WARN 16248 --- [Thread-5] c.a.nacos.common.notify.NotifyCenter     : [NotifyCenter] Start destroying Publisher
11:30:47:098  WARN 16248 --- [Thread-1] c.a.n.common.http.HttpClientBeanHolder   : [HttpClientBeanHolder] Start destroying common HttpClient
11:30:47:099  WARN 16248 --- [Thread-5] c.a.nacos.common.notify.NotifyCenter     : [NotifyCenter] Destruction of the end
11:30:47:099  WARN 16248 --- [Thread-1] c.a.n.common.http.HttpClientBeanHolder   : [HttpClientBeanHolder] Destruction of the end
11:30:47:572  INFO 16248 --- [SpringApplicationShutdownHook] c.a.c.n.registry.NacosServiceRegistry    : De-registering from Nacos Server now...
11:30:47:574  INFO 16248 --- [SpringApplicationShutdownHook] c.a.c.n.registry.NacosServiceRegistry    : De-registration finished.
11:30:47:909  INFO 16248 --- [SpringApplicationShutdownHook] com.alibaba.nacos.common.remote.client   : Shutdown rpc client, set status to shutdown
11:30:47:909  INFO 16248 --- [SpringApplicationShutdownHook] com.alibaba.nacos.common.remote.client   : Shutdown client event executor java.util.concurrent.ScheduledThreadPoolExecutor@11c8e9eb[Running, pool size = 2, active threads = 2, queued tasks = 0, completed tasks = 0]
11:30:47:909  INFO 16248 --- [SpringApplicationShutdownHook] com.alibaba.nacos.common.remote.client   : Close current connection 1781144205472_192.168.247.1_6962
11:30:47:910  INFO 16248 --- [nacos-grpc-client-executor-911] c.a.n.c.remote.client.grpc.GrpcClient    : [1781144205472_192.168.247.1_6962]Ignore complete event,isRunning:false,isAbandon=false
11:30:47:912  INFO 16248 --- [SpringApplicationShutdownHook] c.a.n.c.remote.client.grpc.GrpcClient    : Shutdown grpc executor java.util.concurrent.ThreadPoolExecutor@12cd3c92[Running, pool size = 6, active threads = 0, queued tasks = 0, completed tasks = 912]
13:00:14:850  INFO 30652 --- [main] com.hmall.pay.PayApplication             : The following 1 profile is active: "local"
13:00:15:653  INFO 30652 --- [main] .s.d.r.c.RepositoryConfigurationDelegate : Multiple Spring Data modules found, entering strict repository configuration mode
13:00:15:657  INFO 30652 --- [main] .s.d.r.c.RepositoryConfigurationDelegate : Bootstrapping Spring Data Redis repositories in DEFAULT mode.
13:00:15:683  INFO 30652 --- [main] .s.d.r.c.RepositoryConfigurationDelegate : Finished Spring Data repository scanning in 10 ms. Found 0 Redis repository interfaces.
13:00:15:945  INFO 30652 --- [main] o.s.cloud.context.scope.GenericScope     : BeanFactory id=e57ac2e0-7550-3b47-ad02-c214d32ce4d0
13:00:16:531  INFO 30652 --- [main] o.s.b.w.embedded.tomcat.TomcatWebServer  : Tomcat initialized with port(s): 8086 (http)
13:00:16:542  INFO 30652 --- [main] o.apache.catalina.core.StandardService   : Starting service [Tomcat]
13:00:16:542  INFO 30652 --- [main] org.apache.catalina.core.StandardEngine  : Starting Servlet engine: [Apache Tomcat/9.0.75]
13:00:16:719  INFO 30652 --- [main] o.a.c.c.C.[Tomcat].[localhost].[/]       : Initializing Spring embedded WebApplicationContext
13:00:16:719  INFO 30652 --- [main] w.s.c.ServletWebServerApplicationContext : Root WebApplicationContext: initialization completed in 1851 ms
13:00:16:999  INFO 30652 --- [main] o.s.c.openfeign.FeignClientFactoryBean   : For 'user-service' URL not provided. Will try picking an instance via load-balancing.
13:00:18:927  INFO 30652 --- [main] c.a.c.sentinel.SentinelWebMvcConfigurer  : [Sentinel Starter] register SentinelWebInterceptor with urlPatterns: [/**].
13:00:19:749  INFO 30652 --- [main] pertySourcedRequestMappingHandlerMapping : Mapped URL path [/v2/api-docs] onto method [springfox.documentation.swagger2.web.Swagger2ControllerWebMvc#getDocumentation(String, HttpServletRequest)]
13:00:20:722  INFO 30652 --- [main] com.alibaba.nacos.common.remote.client   : [RpcClientFactory] create a new rpc client of 300913df-265d-4e56-9663-31c62a5bcb9b
13:00:20:722  INFO 30652 --- [main] com.alibaba.nacos.common.remote.client   : [300913df-265d-4e56-9663-31c62a5bcb9b] RpcClient init label, labels = {module=naming, source=sdk}
13:00:20:725  INFO 30652 --- [main] com.alibaba.nacos.common.remote.client   : [300913df-265d-4e56-9663-31c62a5bcb9b] RpcClient init, ServerListFactory = com.alibaba.nacos.client.naming.core.ServerListManager
13:00:20:725  INFO 30652 --- [main] com.alibaba.nacos.common.remote.client   : [300913df-265d-4e56-9663-31c62a5bcb9b] Registry connection listener to current client:com.alibaba.nacos.client.naming.remote.gprc.redo.NamingGrpcRedoService
13:00:20:725  INFO 30652 --- [main] com.alibaba.nacos.common.remote.client   : [300913df-265d-4e56-9663-31c62a5bcb9b] Register server push request handler:com.alibaba.nacos.client.naming.remote.gprc.NamingPushRequestHandler
13:00:20:725  INFO 30652 --- [main] com.alibaba.nacos.common.remote.client   : [300913df-265d-4e56-9663-31c62a5bcb9b] Try to connect to server on start up, server: {serverIp = '192.168.247.134', server main port = 8848}
13:00:20:844  INFO 30652 --- [main] com.alibaba.nacos.common.remote.client   : [300913df-265d-4e56-9663-31c62a5bcb9b] Success to connect to server [192.168.247.134:8848] on start up, connectionId = 1781154021556_192.168.247.1_13798
13:00:20:844  INFO 30652 --- [main] com.alibaba.nacos.common.remote.client   : [300913df-265d-4e56-9663-31c62a5bcb9b] Register server push request handler:com.alibaba.nacos.common.remote.client.RpcClient$ConnectResetRequestHandler
13:00:20:844  INFO 30652 --- [main] com.alibaba.nacos.common.remote.client   : [300913df-265d-4e56-9663-31c62a5bcb9b] Register server push request handler:com.alibaba.nacos.common.remote.client.RpcClient$$Lambda$477/0x00000008003f2c40
13:00:20:844  INFO 30652 --- [com.alibaba.nacos.client.remote.worker] com.alibaba.nacos.common.remote.client   : [300913df-265d-4e56-9663-31c62a5bcb9b] Notify connected event to listeners.
13:00:20:880  INFO 30652 --- [main] o.s.b.w.embedded.tomcat.TomcatWebServer  : Tomcat started on port(s): 8086 (http) with context path ''
13:00:20:890  INFO 30652 --- [main] c.a.c.n.registry.NacosServiceRegistry    : nacos registry, DEFAULT_GROUP pay-service 192.168.1.3:8086 register finished
13:00:21:287  INFO 30652 --- [main] d.s.w.p.DocumentationPluginsBootstrapper : Documentation plugins bootstrapped
13:00:21:290  INFO 30652 --- [main] d.s.w.p.DocumentationPluginsBootstrapper : Found 1 custom documentation plugin(s)
13:00:21:315  INFO 30652 --- [main] s.d.s.w.s.ApiListingReferenceScanner     : Scanning for api listing references
13:00:21:422  INFO 30652 --- [nacos-grpc-client-executor-8] com.alibaba.nacos.common.remote.client   : [300913df-265d-4e56-9663-31c62a5bcb9b] Receive server push request, request = NotifySubscriberRequest, requestId = 9
13:00:21:426  INFO 30652 --- [nacos-grpc-client-executor-8] com.alibaba.nacos.common.remote.client   : [300913df-265d-4e56-9663-31c62a5bcb9b] Ack server push request, request = NotifySubscriberRequest, requestId = 9
13:00:21:426  INFO 30652 --- [main] com.hmall.pay.PayApplication             : Started PayApplication in 11.095 seconds (JVM running for 12.053)
13:00:21:431  INFO 30652 --- [main] c.a.c.n.refresh.NacosContextRefresher    : [Nacos Config] Listening config: dataId=pay-service, group=DEFAULT_GROUP
13:00:21:433  INFO 30652 --- [main] c.a.c.n.refresh.NacosContextRefresher    : [Nacos Config] Listening config: dataId=pay-service.yaml, group=DEFAULT_GROUP
13:00:21:433  INFO 30652 --- [main] c.a.c.n.refresh.NacosContextRefresher    : [Nacos Config] Listening config: dataId=pay-service-local.yaml, group=DEFAULT_GROUP
14:32:03:135  WARN 30652 --- [Thread-5] c.a.nacos.common.notify.NotifyCenter     : [NotifyCenter] Start destroying Publisher
14:32:03:135  WARN 30652 --- [Thread-1] c.a.n.common.http.HttpClientBeanHolder   : [HttpClientBeanHolder] Start destroying common HttpClient
14:32:03:135  WARN 30652 --- [Thread-5] c.a.nacos.common.notify.NotifyCenter     : [NotifyCenter] Destruction of the end
14:32:03:137  WARN 30652 --- [Thread-1] c.a.n.common.http.HttpClientBeanHolder   : [HttpClientBeanHolder] Destruction of the end
14:32:03:632  INFO 30652 --- [SpringApplicationShutdownHook] c.a.c.n.registry.NacosServiceRegistry    : De-registering from Nacos Server now...
14:32:03:635  INFO 30652 --- [SpringApplicationShutdownHook] c.a.c.n.registry.NacosServiceRegistry    : De-registration finished.
14:32:03:974  INFO 30652 --- [SpringApplicationShutdownHook] com.alibaba.nacos.common.remote.client   : Shutdown rpc client, set status to shutdown
14:32:03:974  INFO 30652 --- [SpringApplicationShutdownHook] com.alibaba.nacos.common.remote.client   : Shutdown client event executor java.util.concurrent.ScheduledThreadPoolExecutor@2560fede[Running, pool size = 2, active threads = 2, queued tasks = 0, completed tasks = 0]
14:32:03:974  INFO 30652 --- [SpringApplicationShutdownHook] com.alibaba.nacos.common.remote.client   : Close current connection 1781154021556_192.168.247.1_13798
14:32:03:975  INFO 30652 --- [nacos-grpc-client-executor-1118] c.a.n.c.remote.client.grpc.GrpcClient    : [1781154021556_192.168.247.1_13798]Ignore complete event,isRunning:false,isAbandon=false
14:32:03:976  INFO 30652 --- [SpringApplicationShutdownHook] c.a.n.c.remote.client.grpc.GrpcClient    : Shutdown grpc executor java.util.concurrent.ThreadPoolExecutor@26e411b8[Running, pool size = 5, active threads = 0, queued tasks = 0, completed tasks = 1119]
