2025-03-25 22:24:51.497 [main] INFO  logTrace - 开始执行除法~~
2025-03-25 22:24:51.500 [main] DEBUG logTrace - 取得数据a:10
2025-03-25 22:24:51.500 [main] DEBUG logTrace - 取得数据b:0
2025-03-25 22:24:51.500 [main] ERROR logTrace - 除法执行失败~~
2025-03-25 22:24:51.500 [main] INFO  logTrace - 开始执行除法~~
2025-03-25 22:24:51.500 [main] DEBUG logTrace - 取得数据a:10
2025-03-25 22:24:51.501 [main] DEBUG logTrace - 取得数据b:0
2025-03-25 22:24:51.501 [main] ERROR logTrace - 除法执行失败~~
2025-03-25 22:24:51.501 [main] INFO  logTrace - 开始执行除法~~
2025-03-25 22:24:51.501 [main] DEBUG logTrace - 取得数据a:10
2025-03-25 22:24:51.501 [main] DEBUG logTrace - 取得数据b:0
2025-03-25 22:24:51.503 [main] ERROR logTrace - 除法执行失败~~
2025-03-25 22:24:51.503 [main] INFO  logTrace - 开始执行除法~~
2025-03-25 22:24:51.503 [main] DEBUG logTrace - 取得数据a:10
2025-03-25 22:24:51.503 [main] DEBUG logTrace - 取得数据b:0
2025-03-25 22:24:51.503 [main] ERROR logTrace - 除法执行失败~~
2025-03-25 22:24:51.503 [main] INFO  logTrace - 开始执行除法~~
2025-03-25 22:24:51.503 [main] DEBUG logTrace - 取得数据a:10
2025-03-25 22:24:51.503 [main] DEBUG logTrace - 取得数据b:0
2025-03-25 22:24:51.503 [main] ERROR logTrace - 除法执行失败~~
2025-03-25 22:24:51.503 [main] INFO  logTrace - 开始执行除法~~
2025-03-25 22:24:51.503 [main] DEBUG logTrace - 取得数据a:10
2025-03-25 22:24:51.503 [main] DEBUG logTrace - 取得数据b:0
2025-03-25 22:24:51.503 [main] ERROR logTrace - 除法执行失败~~
2025-03-25 22:24:51.503 [main] INFO  logTrace - 开始执行除法~~
2025-03-25 22:24:51.503 [main] DEBUG logTrace - 取得数据a:10
2025-03-25 22:24:51.503 [main] DEBUG logTrace - 取得数据b:0
2025-03-25 22:24:51.503 [main] ERROR logTrace - 除法执行失败~~
2025-03-25 22:24:51.503 [main] INFO  logTrace - 开始执行除法~~
2025-03-25 22:24:51.503 [main] DEBUG logTrace - 取得数据a:10
2025-03-25 22:24:51.503 [main] DEBUG logTrace - 取得数据b:0
2025-03-25 22:24:51.503 [main] ERROR logTrace - 除法执行失败~~
2025-03-25 22:24:51.503 [main] INFO  logTrace - 开始执行除法~~
2025-03-25 22:24:51.503 [main] DEBUG logTrace - 取得数据a:10
2025-03-25 22:24:51.503 [main] DEBUG logTrace - 取得数据b:0
2025-03-25 22:24:51.505 [main] ERROR logTrace - 除法执行失败~~
2025-03-25 22:24:51.505 [main] INFO  logTrace - 开始执行除法~~
2025-03-25 22:24:51.505 [main] DEBUG logTrace - 取得数据a:10
2025-03-25 22:24:51.505 [main] DEBUG logTrace - 取得数据b:0
2025-03-25 22:24:51.505 [main] ERROR logTrace - 除法执行失败~~
2025-03-25 22:24:51.505 [main] INFO  logTrace - 开始执行除法~~
2025-03-25 22:24:51.505 [main] DEBUG logTrace - 取得数据a:10
2025-03-25 22:24:51.505 [main] DEBUG logTrace - 取得数据b:0
2025-03-25 22:24:51.505 [main] ERROR logTrace - 除法执行失败~~
2025-03-25 22:24:51.505 [main] INFO  logTrace - 开始执行除法~~
2025-03-25 22:24:51.505 [main] DEBUG logTrace - 取得数据a:10
2025-03-25 22:24:51.505 [main] DEBUG logTrace - 取得数据b:0
2025-03-25 22:24:51.505 [main] ERROR logTrace - 除法执行失败~~
2025-03-25 22:24:51.505 [main] INFO  logTrace - 开始执行除法~~
2025-03-25 22:24:51.505 [main] DEBUG logTrace - 取得数据a:10
2025-03-25 22:24:51.505 [main] DEBUG logTrace - 取得数据b:0
2025-03-25 22:24:51.505 [main] ERROR logTrace - 除法执行失败~~
2025-03-25 22:24:51.506 [main] INFO  logTrace - 开始执行除法~~
2025-03-25 22:24:51.506 [main] DEBUG logTrace - 取得数据a:10
2025-03-25 22:24:51.506 [main] DEBUG logTrace - 取得数据b:0
2025-03-25 22:24:51.506 [main] ERROR logTrace - 除法执行失败~~
2025-03-25 22:24:51.506 [main] INFO  logTrace - 开始执行除法~~
2025-03-25 22:24:51.506 [main] DEBUG logTrace - 取得数据a:10
2025-03-25 22:24:51.506 [main] DEBUG logTrace - 取得数据b:0
2025-03-25 22:24:51.506 [main] ERROR logTrace - 除法执行失败~~
2025-03-25 22:24:51.506 [main] INFO  logTrace - 开始执行除法~~
2025-03-25 22:24:51.506 [main] DEBUG logTrace - 取得数据a:10
2025-03-25 22:24:51.506 [main] DEBUG logTrace - 取得数据b:0
2025-03-25 22:24:51.506 [main] ERROR logTrace - 除法执行失败~~
2025-03-25 22:24:51.507 [main] INFO  logTrace - 开始执行除法~~
2025-03-25 22:24:51.507 [main] DEBUG logTrace - 取得数据a:10
2025-03-25 22:24:51.507 [main] DEBUG logTrace - 取得数据b:0
2025-03-25 22:24:51.507 [main] ERROR logTrace - 除法执行失败~~
2025-03-25 22:24:51.507 [main] INFO  logTrace - 开始执行除法~~
2025-03-25 22:24:51.507 [main] DEBUG logTrace - 取得数据a:10
2025-03-25 22:24:51.507 [main] DEBUG logTrace - 取得数据b:0
2025-03-25 22:24:51.507 [main] ERROR logTrace - 除法执行失败~~
2025-03-25 22:24:51.507 [main] INFO  logTrace - 开始执行除法~~
2025-03-25 22:24:51.507 [main] DEBUG logTrace - 取得数据a:10
2025-03-25 22:24:51.507 [main] DEBUG logTrace - 取得数据b:0
2025-03-25 22:24:51.507 [main] ERROR logTrace - 除法执行失败~~
2025-03-25 22:24:51.507 [main] INFO  logTrace - 开始执行除法~~
2025-03-25 22:24:51.507 [main] DEBUG logTrace - 取得数据a:10
2025-03-25 22:24:51.507 [main] DEBUG logTrace - 取得数据b:0
2025-03-25 22:24:51.507 [main] ERROR logTrace - 除法执行失败~~
2025-03-25 22:24:51.507 [main] INFO  logTrace - 开始执行除法~~
2025-03-25 22:24:51.508 [main] DEBUG logTrace - 取得数据a:10
2025-03-25 22:24:51.508 [main] DEBUG logTrace - 取得数据b:0
2025-03-25 22:24:51.508 [main] ERROR logTrace - 除法执行失败~~
2025-03-25 22:24:51.508 [main] INFO  logTrace - 开始执行除法~~
2025-03-25 22:24:51.508 [main] DEBUG logTrace - 取得数据a:10
2025-03-25 22:24:51.508 [main] DEBUG logTrace - 取得数据b:0
2025-03-25 22:24:51.508 [main] ERROR logTrace - 除法执行失败~~
2025-03-25 22:24:51.508 [main] INFO  logTrace - 开始执行除法~~
2025-03-25 22:24:51.508 [main] DEBUG logTrace - 取得数据a:10
2025-03-25 22:24:51.508 [main] DEBUG logTrace - 取得数据b:0
2025-03-25 22:24:51.508 [main] ERROR logTrace - 除法执行失败~~
2025-03-25 22:24:51.508 [main] INFO  logTrace - 开始执行除法~~
2025-03-25 22:24:51.508 [main] DEBUG logTrace - 取得数据a:10
2025-03-25 22:24:51.508 [main] DEBUG logTrace - 取得数据b:0
2025-03-25 22:24:51.508 [main] ERROR logTrace - 除法执行失败~~
2025-03-25 22:24:51.508 [main] INFO  logTrace - 开始执行除法~~
2025-03-25 22:24:51.508 [main] DEBUG logTrace - 取得数据a:10
2025-03-25 22:24:51.508 [main] DEBUG logTrace - 取得数据b:0
2025-03-25 22:24:51.508 [main] ERROR logTrace - 除法执行失败~~
2025-03-25 22:24:51.508 [main] INFO  logTrace - 开始执行除法~~
2025-03-25 22:24:51.509 [main] DEBUG logTrace - 取得数据a:10
2025-03-25 22:24:51.509 [main] DEBUG logTrace - 取得数据b:0
2025-03-25 22:24:51.509 [main] ERROR logTrace - 除法执行失败~~
2025-03-25 22:24:51.509 [main] INFO  logTrace - 开始执行除法~~
2025-03-25 22:24:51.509 [main] DEBUG logTrace - 取得数据a:10
2025-03-25 22:24:51.509 [main] DEBUG logTrace - 取得数据b:0
2025-03-25 22:24:51.509 [main] ERROR logTrace - 除法执行失败~~
2025-03-25 22:24:51.509 [main] INFO  logTrace - 开始执行除法~~
2025-03-25 22:24:51.509 [main] DEBUG logTrace - 取得数据a:10
2025-03-25 22:24:51.509 [main] DEBUG logTrace - 取得数据b:0
2025-03-25 22:24:51.509 [main] ERROR logTrace - 除法执行失败~~
2025-03-25 22:24:51.509 [main] INFO  logTrace - 开始执行除法~~
2025-03-25 22:24:51.509 [main] DEBUG logTrace - 取得数据a:10
2025-03-25 22:24:51.509 [main] DEBUG logTrace - 取得数据b:0
2025-03-25 22:24:51.509 [main] ERROR logTrace - 除法执行失败~~
2025-03-25 22:24:51.509 [main] INFO  logTrace - 开始执行除法~~
2025-03-25 22:24:51.509 [main] DEBUG logTrace - 取得数据a:10
2025-03-25 22:24:51.509 [main] DEBUG logTrace - 取得数据b:0
2025-03-25 22:24:51.509 [main] ERROR logTrace - 除法执行失败~~
2025-03-25 22:24:51.509 [main] INFO  logTrace - 开始执行除法~~
2025-03-25 22:24:51.509 [main] DEBUG logTrace - 取得数据a:10
2025-03-25 22:24:51.509 [main] DEBUG logTrace - 取得数据b:0
2025-03-25 22:24:51.510 [main] ERROR logTrace - 除法执行失败~~
2025-03-25 22:24:51.510 [main] INFO  logTrace - 开始执行除法~~
2025-03-25 22:24:51.510 [main] DEBUG logTrace - 取得数据a:10
2025-03-25 22:24:51.510 [main] DEBUG logTrace - 取得数据b:0
2025-03-25 22:24:51.510 [main] ERROR logTrace - 除法执行失败~~
2025-03-25 22:24:51.510 [main] INFO  logTrace - 开始执行除法~~
2025-03-25 22:24:51.510 [main] DEBUG logTrace - 取得数据a:10
2025-03-25 22:24:51.510 [main] DEBUG logTrace - 取得数据b:0
2025-03-25 22:24:51.510 [main] ERROR logTrace - 除法执行失败~~
2025-03-25 22:24:51.510 [main] INFO  logTrace - 开始执行除法~~
2025-03-25 22:24:51.510 [main] DEBUG logTrace - 取得数据a:10
2025-03-25 22:24:51.510 [main] DEBUG logTrace - 取得数据b:0
2025-03-25 22:24:51.511 [main] ERROR logTrace - 除法执行失败~~
2025-03-25 22:24:51.511 [main] INFO  logTrace - 开始执行除法~~
2025-03-25 22:24:51.511 [main] DEBUG logTrace - 取得数据a:10
2025-03-25 22:24:51.511 [main] DEBUG logTrace - 取得数据b:0
2025-03-25 22:24:51.511 [main] ERROR logTrace - 除法执行失败~~
2025-03-25 22:24:51.511 [main] INFO  logTrace - 开始执行除法~~
2025-03-25 22:24:51.511 [main] DEBUG logTrace - 取得数据a:10
2025-03-25 22:24:51.511 [main] DEBUG logTrace - 取得数据b:0
2025-03-25 22:24:51.511 [main] ERROR logTrace - 除法执行失败~~
2025-03-25 22:24:51.511 [main] INFO  logTrace - 开始执行除法~~
2025-03-25 22:24:51.511 [main] DEBUG logTrace - 取得数据a:10
2025-03-25 22:24:51.511 [main] DEBUG logTrace - 取得数据b:0
2025-03-25 22:24:51.511 [main] ERROR logTrace - 除法执行失败~~
2025-03-25 22:24:51.511 [main] INFO  logTrace - 开始执行除法~~
2025-03-25 22:24:51.511 [main] DEBUG logTrace - 取得数据a:10
2025-03-25 22:24:51.511 [main] DEBUG logTrace - 取得数据b:0
2025-03-25 22:24:51.511 [main] ERROR logTrace - 除法执行失败~~
2025-03-25 22:24:51.511 [main] INFO  logTrace - 开始执行除法~~
2025-03-25 22:24:51.511 [main] DEBUG logTrace - 取得数据a:10
2025-03-25 22:24:51.511 [main] DEBUG logTrace - 取得数据b:0
2025-03-25 22:24:51.511 [main] ERROR logTrace - 除法执行失败~~
2025-03-25 22:24:51.511 [main] INFO  logTrace - 开始执行除法~~
2025-03-25 22:24:51.511 [main] DEBUG logTrace - 取得数据a:10
2025-03-25 22:24:51.511 [main] DEBUG logTrace - 取得数据b:0
2025-03-25 22:24:51.511 [main] ERROR logTrace - 除法执行失败~~
2025-03-25 22:24:51.511 [main] INFO  logTrace - 开始执行除法~~
2025-03-25 22:24:51.511 [main] DEBUG logTrace - 取得数据a:10
2025-03-25 22:24:51.511 [main] DEBUG logTrace - 取得数据b:0
2025-03-25 22:24:51.511 [main] ERROR logTrace - 除法执行失败~~
2025-03-25 22:24:51.511 [main] INFO  logTrace - 开始执行除法~~
2025-03-25 22:24:51.511 [main] DEBUG logTrace - 取得数据a:10
2025-03-25 22:24:51.511 [main] DEBUG logTrace - 取得数据b:0
2025-03-25 22:24:51.511 [main] ERROR logTrace - 除法执行失败~~
2025-03-25 22:24:51.511 [main] INFO  logTrace - 开始执行除法~~
2025-03-25 22:24:51.511 [main] DEBUG logTrace - 取得数据a:10
2025-03-25 22:24:51.511 [main] DEBUG logTrace - 取得数据b:0
2025-03-25 22:24:51.511 [main] ERROR logTrace - 除法执行失败~~
2025-03-25 22:24:51.512 [main] INFO  logTrace - 开始执行除法~~
2025-03-25 22:24:51.512 [main] DEBUG logTrace - 取得数据a:10
2025-03-25 22:24:51.512 [main] DEBUG logTrace - 取得数据b:0
2025-03-25 22:24:51.512 [main] ERROR logTrace - 除法执行失败~~
2025-03-25 22:24:51.512 [main] INFO  logTrace - 开始执行除法~~
2025-03-25 22:24:51.512 [main] DEBUG logTrace - 取得数据a:10
2025-03-25 22:24:51.512 [main] DEBUG logTrace - 取得数据b:0
2025-03-25 22:24:51.512 [main] ERROR logTrace - 除法执行失败~~
2025-03-25 22:24:51.512 [main] INFO  logTrace - 开始执行除法~~
2025-03-25 22:24:51.512 [main] DEBUG logTrace - 取得数据a:10
2025-03-25 22:24:51.512 [main] DEBUG logTrace - 取得数据b:0
2025-03-25 22:24:51.512 [main] ERROR logTrace - 除法执行失败~~
2025-03-25 22:24:51.512 [main] INFO  logTrace - 开始执行除法~~
2025-03-25 22:24:51.512 [main] DEBUG logTrace - 取得数据a:10
2025-03-25 22:24:51.512 [main] DEBUG logTrace - 取得数据b:0
2025-03-25 22:24:51.512 [main] ERROR logTrace - 除法执行失败~~
2025-03-25 22:24:51.512 [main] INFO  logTrace - 开始执行除法~~
2025-03-25 22:24:51.512 [main] DEBUG logTrace - 取得数据a:10
2025-03-25 22:24:51.512 [main] DEBUG logTrace - 取得数据b:0
2025-03-25 22:24:51.512 [main] ERROR logTrace - 除法执行失败~~
2025-03-25 22:24:51.512 [main] INFO  logTrace - 开始执行除法~~
2025-03-25 22:24:51.512 [main] DEBUG logTrace - 取得数据a:10
2025-03-25 22:24:51.512 [main] DEBUG logTrace - 取得数据b:0
2025-03-25 22:24:51.512 [main] ERROR logTrace - 除法执行失败~~
2025-03-25 22:24:51.512 [main] INFO  logTrace - 开始执行除法~~
2025-03-25 22:24:51.512 [main] DEBUG logTrace - 取得数据a:10
2025-03-25 22:24:51.512 [main] DEBUG logTrace - 取得数据b:0
2025-03-25 22:24:51.512 [main] ERROR logTrace - 除法执行失败~~
2025-03-25 22:24:51.512 [main] INFO  logTrace - 开始执行除法~~
2025-03-25 22:24:51.512 [main] DEBUG logTrace - 取得数据a:10
2025-03-25 22:24:51.512 [main] DEBUG logTrace - 取得数据b:0
2025-03-25 22:24:51.512 [main] ERROR logTrace - 除法执行失败~~
2025-03-25 22:24:51.512 [main] INFO  logTrace - 开始执行除法~~
2025-03-25 22:24:51.512 [main] DEBUG logTrace - 取得数据a:10
2025-03-25 22:24:51.512 [main] DEBUG logTrace - 取得数据b:0
2025-03-25 22:24:51.512 [main] ERROR logTrace - 除法执行失败~~
2025-03-25 22:24:51.512 [main] INFO  logTrace - 开始执行除法~~
2025-03-25 22:24:51.512 [main] DEBUG logTrace - 取得数据a:10
2025-03-25 22:24:51.513 [main] DEBUG logTrace - 取得数据b:0
2025-03-25 22:24:51.513 [main] ERROR logTrace - 除法执行失败~~
2025-03-25 22:24:51.513 [main] INFO  logTrace - 开始执行除法~~
2025-03-25 22:24:51.513 [main] DEBUG logTrace - 取得数据a:10
2025-03-25 22:24:51.513 [main] DEBUG logTrace - 取得数据b:0
2025-03-25 22:24:51.513 [main] ERROR logTrace - 除法执行失败~~
2025-03-25 22:24:51.513 [main] INFO  logTrace - 开始执行除法~~
2025-03-25 22:24:51.513 [main] DEBUG logTrace - 取得数据a:10
2025-03-25 22:24:51.513 [main] DEBUG logTrace - 取得数据b:0
2025-03-25 22:24:51.513 [main] ERROR logTrace - 除法执行失败~~
2025-03-25 22:24:51.513 [main] INFO  logTrace - 开始执行除法~~
2025-03-25 22:24:51.513 [main] DEBUG logTrace - 取得数据a:10
2025-03-25 22:24:51.513 [main] DEBUG logTrace - 取得数据b:0
2025-03-25 22:24:51.513 [main] ERROR logTrace - 除法执行失败~~
2025-03-25 22:24:51.513 [main] INFO  logTrace - 开始执行除法~~
2025-03-25 22:24:51.513 [main] DEBUG logTrace - 取得数据a:10
2025-03-25 22:24:51.513 [main] DEBUG logTrace - 取得数据b:0
2025-03-25 22:24:51.513 [main] ERROR logTrace - 除法执行失败~~
2025-03-25 22:24:51.513 [main] INFO  logTrace - 开始执行除法~~
2025-03-25 22:24:51.513 [main] DEBUG logTrace - 取得数据a:10
2025-03-25 22:24:51.513 [main] DEBUG logTrace - 取得数据b:0
2025-03-25 22:24:51.513 [main] ERROR logTrace - 除法执行失败~~
2025-03-25 22:24:51.513 [main] INFO  logTrace - 开始执行除法~~
2025-03-25 22:24:51.513 [main] DEBUG logTrace - 取得数据a:10
2025-03-25 22:24:51.513 [main] DEBUG logTrace - 取得数据b:0
2025-03-25 22:24:51.513 [main] ERROR logTrace - 除法执行失败~~
2025-03-25 22:24:51.513 [main] INFO  logTrace - 开始执行除法~~
2025-03-25 22:24:51.513 [main] DEBUG logTrace - 取得数据a:10
2025-03-25 22:24:51.513 [main] DEBUG logTrace - 取得数据b:0
2025-03-25 22:24:51.513 [main] ERROR logTrace - 除法执行失败~~
2025-03-25 22:24:51.513 [main] INFO  logTrace - 开始执行除法~~
2025-03-25 22:24:51.513 [main] DEBUG logTrace - 取得数据a:10
2025-03-25 22:24:51.513 [main] DEBUG logTrace - 取得数据b:0
2025-03-25 22:24:51.513 [main] ERROR logTrace - 除法执行失败~~
2025-03-25 22:24:51.513 [main] INFO  logTrace - 开始执行除法~~
2025-03-25 22:24:51.513 [main] DEBUG logTrace - 取得数据a:10
2025-03-25 22:24:51.513 [main] DEBUG logTrace - 取得数据b:0
2025-03-25 22:24:51.513 [main] ERROR logTrace - 除法执行失败~~
2025-03-25 22:24:51.513 [main] INFO  logTrace - 开始执行除法~~
2025-03-25 22:24:51.513 [main] DEBUG logTrace - 取得数据a:10
2025-03-25 22:24:51.513 [main] DEBUG logTrace - 取得数据b:0
2025-03-25 22:24:51.513 [main] ERROR logTrace - 除法执行失败~~
2025-03-25 22:24:51.513 [main] INFO  logTrace - 开始执行除法~~
2025-03-25 22:24:51.513 [main] DEBUG logTrace - 取得数据a:10
2025-03-25 22:24:51.513 [main] DEBUG logTrace - 取得数据b:0
2025-03-25 22:24:51.513 [main] ERROR logTrace - 除法执行失败~~
2025-03-25 22:24:51.515 [main] INFO  logTrace - 开始执行除法~~
2025-03-25 22:24:51.515 [main] DEBUG logTrace - 取得数据a:10
2025-03-25 22:24:51.515 [main] DEBUG logTrace - 取得数据b:0
2025-03-25 22:24:51.515 [main] ERROR logTrace - 除法执行失败~~
2025-03-25 22:24:51.515 [main] INFO  logTrace - 开始执行除法~~
2025-03-25 22:24:51.515 [main] DEBUG logTrace - 取得数据a:10
2025-03-25 22:24:51.515 [main] DEBUG logTrace - 取得数据b:0
2025-03-25 22:24:51.515 [main] ERROR logTrace - 除法执行失败~~
2025-03-25 22:24:51.515 [main] INFO  logTrace - 开始执行除法~~
2025-03-25 22:24:51.515 [main] DEBUG logTrace - 取得数据a:10
2025-03-25 22:24:51.515 [main] DEBUG logTrace - 取得数据b:0
2025-03-25 22:24:51.515 [main] ERROR logTrace - 除法执行失败~~
2025-03-25 22:24:51.515 [main] INFO  logTrace - 开始执行除法~~
2025-03-25 22:24:51.515 [main] DEBUG logTrace - 取得数据a:10
2025-03-25 22:24:51.515 [main] DEBUG logTrace - 取得数据b:0
2025-03-25 22:24:51.515 [main] ERROR logTrace - 除法执行失败~~
2025-03-25 22:24:51.515 [main] INFO  logTrace - 开始执行除法~~
2025-03-25 22:24:51.515 [main] DEBUG logTrace - 取得数据a:10
2025-03-25 22:24:51.515 [main] DEBUG logTrace - 取得数据b:0
2025-03-25 22:24:51.515 [main] ERROR logTrace - 除法执行失败~~
2025-03-25 22:24:51.515 [main] INFO  logTrace - 开始执行除法~~
2025-03-25 22:24:51.515 [main] DEBUG logTrace - 取得数据a:10
2025-03-25 22:24:51.515 [main] DEBUG logTrace - 取得数据b:0
2025-03-25 22:24:51.515 [main] ERROR logTrace - 除法执行失败~~
2025-03-25 22:24:51.515 [main] INFO  logTrace - 开始执行除法~~
2025-03-25 22:24:51.515 [main] DEBUG logTrace - 取得数据a:10
2025-03-25 22:24:51.515 [main] DEBUG logTrace - 取得数据b:0
2025-03-25 22:24:51.515 [main] ERROR logTrace - 除法执行失败~~
2025-03-25 22:24:51.515 [main] INFO  logTrace - 开始执行除法~~
2025-03-25 22:24:51.515 [main] DEBUG logTrace - 取得数据a:10
2025-03-25 22:24:51.515 [main] DEBUG logTrace - 取得数据b:0
2025-03-25 22:24:51.515 [main] ERROR logTrace - 除法执行失败~~
2025-03-25 22:24:51.515 [main] INFO  logTrace - 开始执行除法~~
2025-03-25 22:24:51.515 [main] DEBUG logTrace - 取得数据a:10
2025-03-25 22:24:51.515 [main] DEBUG logTrace - 取得数据b:0
2025-03-25 22:24:51.515 [main] ERROR logTrace - 除法执行失败~~
2025-03-25 22:24:51.515 [main] INFO  logTrace - 开始执行除法~~
2025-03-25 22:24:51.515 [main] DEBUG logTrace - 取得数据a:10
2025-03-25 22:24:51.515 [main] DEBUG logTrace - 取得数据b:0
2025-03-25 22:24:51.515 [main] ERROR logTrace - 除法执行失败~~
2025-03-25 22:24:51.515 [main] INFO  logTrace - 开始执行除法~~
2025-03-25 22:24:51.515 [main] DEBUG logTrace - 取得数据a:10
2025-03-25 22:24:51.515 [main] DEBUG logTrace - 取得数据b:0
2025-03-25 22:24:51.515 [main] ERROR logTrace - 除法执行失败~~
2025-03-25 22:24:51.515 [main] INFO  logTrace - 开始执行除法~~
2025-03-25 22:24:51.515 [main] DEBUG logTrace - 取得数据a:10
2025-03-25 22:24:51.515 [main] DEBUG logTrace - 取得数据b:0
2025-03-25 22:24:51.515 [main] ERROR logTrace - 除法执行失败~~
2025-03-25 22:24:51.515 [main] INFO  logTrace - 开始执行除法~~
2025-03-25 22:24:51.515 [main] DEBUG logTrace - 取得数据a:10
2025-03-25 22:24:51.515 [main] DEBUG logTrace - 取得数据b:0
2025-03-25 22:24:51.515 [main] ERROR logTrace - 除法执行失败~~
2025-03-25 22:24:51.515 [main] INFO  logTrace - 开始执行除法~~
2025-03-25 22:24:51.515 [main] DEBUG logTrace - 取得数据a:10
2025-03-25 22:24:51.515 [main] DEBUG logTrace - 取得数据b:0
2025-03-25 22:24:51.515 [main] ERROR logTrace - 除法执行失败~~
2025-03-25 22:24:51.516 [main] INFO  logTrace - 开始执行除法~~
2025-03-25 22:24:51.516 [main] DEBUG logTrace - 取得数据a:10
2025-03-25 22:24:51.516 [main] DEBUG logTrace - 取得数据b:0
2025-03-25 22:24:51.516 [main] ERROR logTrace - 除法执行失败~~
2025-03-25 22:24:51.516 [main] INFO  logTrace - 开始执行除法~~
2025-03-25 22:24:51.516 [main] DEBUG logTrace - 取得数据a:10
2025-03-25 22:24:51.516 [main] DEBUG logTrace - 取得数据b:0
2025-03-25 22:24:51.516 [main] ERROR logTrace - 除法执行失败~~
2025-03-25 22:24:51.516 [main] INFO  logTrace - 开始执行除法~~
2025-03-25 22:24:51.516 [main] DEBUG logTrace - 取得数据a:10
2025-03-25 22:24:51.516 [main] DEBUG logTrace - 取得数据b:0
2025-03-25 22:24:51.516 [main] ERROR logTrace - 除法执行失败~~
2025-03-25 22:24:51.516 [main] INFO  logTrace - 开始执行除法~~
2025-03-25 22:24:51.516 [main] DEBUG logTrace - 取得数据a:10
2025-03-25 22:24:51.516 [main] DEBUG logTrace - 取得数据b:0
2025-03-25 22:24:51.516 [main] ERROR logTrace - 除法执行失败~~
2025-03-25 22:24:51.516 [main] INFO  logTrace - 开始执行除法~~
2025-03-25 22:24:51.516 [main] DEBUG logTrace - 取得数据a:10
2025-03-25 22:24:51.516 [main] DEBUG logTrace - 取得数据b:0
2025-03-25 22:24:51.516 [main] ERROR logTrace - 除法执行失败~~
2025-03-25 22:24:51.516 [main] INFO  logTrace - 开始执行除法~~
2025-03-25 22:24:51.516 [main] DEBUG logTrace - 取得数据a:10
2025-03-25 22:24:51.516 [main] DEBUG logTrace - 取得数据b:0
2025-03-25 22:24:51.516 [main] ERROR logTrace - 除法执行失败~~
2025-03-25 22:24:51.516 [main] INFO  logTrace - 开始执行除法~~
2025-03-25 22:24:51.516 [main] DEBUG logTrace - 取得数据a:10
2025-03-25 22:24:51.516 [main] DEBUG logTrace - 取得数据b:0
2025-03-25 22:24:51.516 [main] ERROR logTrace - 除法执行失败~~
2025-03-25 22:24:51.516 [main] INFO  logTrace - 开始执行除法~~
2025-03-25 22:24:51.516 [main] DEBUG logTrace - 取得数据a:10
2025-03-25 22:24:51.516 [main] DEBUG logTrace - 取得数据b:0
2025-03-25 22:24:51.516 [main] ERROR logTrace - 除法执行失败~~
2025-03-25 22:24:51.516 [main] INFO  logTrace - 开始执行除法~~
2025-03-25 22:24:51.516 [main] DEBUG logTrace - 取得数据a:10
2025-03-25 22:24:51.516 [main] DEBUG logTrace - 取得数据b:0
2025-03-25 22:24:51.516 [main] ERROR logTrace - 除法执行失败~~
2025-03-25 22:24:51.516 [main] INFO  logTrace - 开始执行除法~~
2025-03-25 22:24:51.516 [main] DEBUG logTrace - 取得数据a:10
2025-03-25 22:24:51.516 [main] DEBUG logTrace - 取得数据b:0
2025-03-25 22:24:51.516 [main] ERROR logTrace - 除法执行失败~~
2025-03-25 22:24:51.516 [main] INFO  logTrace - 开始执行除法~~
2025-03-25 22:24:51.516 [main] DEBUG logTrace - 取得数据a:10
2025-03-25 22:24:51.516 [main] DEBUG logTrace - 取得数据b:0
2025-03-25 22:24:51.516 [main] ERROR logTrace - 除法执行失败~~
2025-03-25 22:24:51.516 [main] INFO  logTrace - 开始执行除法~~
2025-03-25 22:24:51.516 [main] DEBUG logTrace - 取得数据a:10
2025-03-25 22:24:51.516 [main] DEBUG logTrace - 取得数据b:0
2025-03-25 22:24:51.516 [main] ERROR logTrace - 除法执行失败~~
2025-03-25 22:24:51.516 [main] INFO  logTrace - 开始执行除法~~
2025-03-25 22:24:51.516 [main] DEBUG logTrace - 取得数据a:10
2025-03-25 22:24:51.516 [main] DEBUG logTrace - 取得数据b:0
2025-03-25 22:24:51.516 [main] ERROR logTrace - 除法执行失败~~
2025-03-25 22:24:51.516 [main] INFO  logTrace - 开始执行除法~~
2025-03-25 22:24:51.516 [main] DEBUG logTrace - 取得数据a:10
2025-03-25 22:24:51.516 [main] DEBUG logTrace - 取得数据b:0
2025-03-25 22:24:51.516 [main] ERROR logTrace - 除法执行失败~~
2025-03-25 22:24:51.516 [main] INFO  logTrace - 开始执行除法~~
2025-03-25 22:24:51.516 [main] DEBUG logTrace - 取得数据a:10
2025-03-25 22:24:51.516 [main] DEBUG logTrace - 取得数据b:0
2025-03-25 22:24:51.516 [main] ERROR logTrace - 除法执行失败~~
2025-03-25 22:24:51.516 [main] INFO  logTrace - 开始执行除法~~
2025-03-25 22:24:51.516 [main] DEBUG logTrace - 取得数据a:10
2025-03-25 22:24:51.516 [main] DEBUG logTrace - 取得数据b:0
2025-03-25 22:24:51.516 [main] ERROR logTrace - 除法执行失败~~
2025-03-25 22:24:51.516 [main] INFO  logTrace - 开始执行除法~~
2025-03-25 22:24:51.516 [main] DEBUG logTrace - 取得数据a:10
2025-03-25 22:24:51.516 [main] DEBUG logTrace - 取得数据b:0
2025-03-25 22:24:51.516 [main] ERROR logTrace - 除法执行失败~~
2025-03-25 22:24:51.516 [main] INFO  logTrace - 开始执行除法~~
2025-03-25 22:24:51.516 [main] DEBUG logTrace - 取得数据a:10
2025-03-25 22:24:51.516 [main] DEBUG logTrace - 取得数据b:0
2025-03-25 22:24:51.516 [main] ERROR logTrace - 除法执行失败~~
2025-03-25 22:24:51.517 [main] INFO  logTrace - 开始执行除法~~
2025-03-25 22:24:51.517 [main] DEBUG logTrace - 取得数据a:10
2025-03-25 22:24:51.517 [main] DEBUG logTrace - 取得数据b:0
2025-03-25 22:24:51.517 [main] ERROR logTrace - 除法执行失败~~
2025-03-25 22:24:51.517 [main] INFO  logTrace - 开始执行除法~~
2025-03-25 22:24:51.517 [main] DEBUG logTrace - 取得数据a:10
2025-03-25 22:24:51.517 [main] DEBUG logTrace - 取得数据b:0
2025-03-25 22:24:51.517 [main] ERROR logTrace - 除法执行失败~~
2025-03-25 22:24:51.517 [main] INFO  logTrace - 开始执行除法~~
2025-03-25 22:24:51.517 [main] DEBUG logTrace - 取得数据a:10
2025-03-25 22:24:51.517 [main] DEBUG logTrace - 取得数据b:0
2025-03-25 22:24:51.517 [main] ERROR logTrace - 除法执行失败~~
2025-03-25 22:24:51.517 [main] INFO  logTrace - 开始执行除法~~
2025-03-25 22:24:51.517 [main] DEBUG logTrace - 取得数据a:10
2025-03-25 22:24:51.517 [main] DEBUG logTrace - 取得数据b:0
2025-03-25 22:24:51.517 [main] ERROR logTrace - 除法执行失败~~
2025-03-25 22:26:41.871 [main] INFO  logTrace - 开始执行除法~~
2025-03-25 22:26:41.872 [main] DEBUG logTrace - 取得数据a:10
2025-03-25 22:26:41.872 [main] DEBUG logTrace - 取得数据b:0
2025-03-25 22:26:41.873 [main] ERROR logTrace - 除法执行失败~~
2025-03-25 22:26:41.873 [main] INFO  logTrace - 开始执行除法~~
2025-03-25 22:26:41.873 [main] DEBUG logTrace - 取得数据a:10
2025-03-25 22:26:41.873 [main] DEBUG logTrace - 取得数据b:0
2025-03-25 22:26:41.873 [main] ERROR logTrace - 除法执行失败~~
2025-03-25 22:26:41.873 [main] INFO  logTrace - 开始执行除法~~
2025-03-25 22:26:41.873 [main] DEBUG logTrace - 取得数据a:10
2025-03-25 22:26:41.873 [main] DEBUG logTrace - 取得数据b:0
2025-03-25 22:26:41.873 [main] ERROR logTrace - 除法执行失败~~
2025-03-25 22:26:41.873 [main] INFO  logTrace - 开始执行除法~~
2025-03-25 22:26:41.873 [main] DEBUG logTrace - 取得数据a:10
2025-03-25 22:26:41.873 [main] DEBUG logTrace - 取得数据b:0
2025-03-25 22:26:41.873 [main] ERROR logTrace - 除法执行失败~~
2025-03-25 22:26:41.874 [main] INFO  logTrace - 开始执行除法~~
2025-03-25 22:26:41.874 [main] DEBUG logTrace - 取得数据a:10
2025-03-25 22:26:41.874 [main] DEBUG logTrace - 取得数据b:0
2025-03-25 22:26:41.874 [main] ERROR logTrace - 除法执行失败~~
2025-03-25 22:26:41.874 [main] INFO  logTrace - 开始执行除法~~
2025-03-25 22:26:41.874 [main] DEBUG logTrace - 取得数据a:10
2025-03-25 22:26:41.874 [main] DEBUG logTrace - 取得数据b:0
2025-03-25 22:26:41.874 [main] ERROR logTrace - 除法执行失败~~
2025-03-25 22:26:41.874 [main] INFO  logTrace - 开始执行除法~~
2025-03-25 22:26:41.874 [main] DEBUG logTrace - 取得数据a:10
2025-03-25 22:26:41.874 [main] DEBUG logTrace - 取得数据b:0
2025-03-25 22:26:41.874 [main] ERROR logTrace - 除法执行失败~~
2025-03-25 22:26:41.874 [main] INFO  logTrace - 开始执行除法~~
2025-03-25 22:26:41.874 [main] DEBUG logTrace - 取得数据a:10
2025-03-25 22:26:41.874 [main] DEBUG logTrace - 取得数据b:0
2025-03-25 22:26:41.874 [main] ERROR logTrace - 除法执行失败~~
2025-03-25 22:26:41.875 [main] INFO  logTrace - 开始执行除法~~
2025-03-25 22:26:41.875 [main] DEBUG logTrace - 取得数据a:10
2025-03-25 22:26:41.875 [main] DEBUG logTrace - 取得数据b:0
2025-03-25 22:26:41.875 [main] ERROR logTrace - 除法执行失败~~
2025-03-25 22:26:41.875 [main] INFO  logTrace - 开始执行除法~~
2025-03-25 22:26:41.875 [main] DEBUG logTrace - 取得数据a:10
2025-03-25 22:26:41.875 [main] DEBUG logTrace - 取得数据b:0
2025-03-25 22:26:41.875 [main] ERROR logTrace - 除法执行失败~~
2025-03-25 22:26:41.875 [main] INFO  logTrace - 开始执行除法~~
2025-03-25 22:26:41.875 [main] DEBUG logTrace - 取得数据a:10
2025-03-25 22:26:41.875 [main] DEBUG logTrace - 取得数据b:0
2025-03-25 22:26:41.875 [main] ERROR logTrace - 除法执行失败~~
2025-03-25 22:26:41.875 [main] INFO  logTrace - 开始执行除法~~
2025-03-25 22:26:41.875 [main] DEBUG logTrace - 取得数据a:10
2025-03-25 22:26:41.875 [main] DEBUG logTrace - 取得数据b:0
2025-03-25 22:26:41.875 [main] ERROR logTrace - 除法执行失败~~
2025-03-25 22:26:41.876 [main] INFO  logTrace - 开始执行除法~~
2025-03-25 22:26:41.876 [main] DEBUG logTrace - 取得数据a:10
2025-03-25 22:26:41.876 [main] DEBUG logTrace - 取得数据b:0
2025-03-25 22:26:41.876 [main] ERROR logTrace - 除法执行失败~~
2025-03-25 22:26:41.876 [main] INFO  logTrace - 开始执行除法~~
2025-03-25 22:26:41.876 [main] DEBUG logTrace - 取得数据a:10
2025-03-25 22:26:41.876 [main] DEBUG logTrace - 取得数据b:0
2025-03-25 22:26:41.876 [main] ERROR logTrace - 除法执行失败~~
2025-03-25 22:26:41.876 [main] INFO  logTrace - 开始执行除法~~
2025-03-25 22:26:41.876 [main] DEBUG logTrace - 取得数据a:10
2025-03-25 22:26:41.876 [main] DEBUG logTrace - 取得数据b:0
2025-03-25 22:26:41.876 [main] ERROR logTrace - 除法执行失败~~
2025-03-25 22:26:41.877 [main] INFO  logTrace - 开始执行除法~~
2025-03-25 22:26:41.877 [main] DEBUG logTrace - 取得数据a:10
2025-03-25 22:26:41.877 [main] DEBUG logTrace - 取得数据b:0
2025-03-25 22:26:41.877 [main] ERROR logTrace - 除法执行失败~~
2025-03-25 22:26:41.877 [main] INFO  logTrace - 开始执行除法~~
2025-03-25 22:26:41.877 [main] DEBUG logTrace - 取得数据a:10
2025-03-25 22:26:41.877 [main] DEBUG logTrace - 取得数据b:0
2025-03-25 22:26:41.877 [main] ERROR logTrace - 除法执行失败~~
2025-03-25 22:26:41.877 [main] INFO  logTrace - 开始执行除法~~
2025-03-25 22:26:41.877 [main] DEBUG logTrace - 取得数据a:10
2025-03-25 22:26:41.877 [main] DEBUG logTrace - 取得数据b:0
2025-03-25 22:26:41.877 [main] ERROR logTrace - 除法执行失败~~
2025-03-25 22:26:41.877 [main] INFO  logTrace - 开始执行除法~~
2025-03-25 22:26:41.879 [main] DEBUG logTrace - 取得数据a:10
2025-03-25 22:26:41.879 [main] DEBUG logTrace - 取得数据b:0
2025-03-25 22:26:41.879 [main] ERROR logTrace - 除法执行失败~~
2025-03-25 22:26:41.879 [main] INFO  logTrace - 开始执行除法~~
2025-03-25 22:26:41.879 [main] DEBUG logTrace - 取得数据a:10
2025-03-25 22:26:41.879 [main] DEBUG logTrace - 取得数据b:0
2025-03-25 22:26:41.879 [main] ERROR logTrace - 除法执行失败~~
2025-03-25 22:26:41.879 [main] INFO  logTrace - 开始执行除法~~
2025-03-25 22:26:41.879 [main] DEBUG logTrace - 取得数据a:10
2025-03-25 22:26:41.879 [main] DEBUG logTrace - 取得数据b:0
2025-03-25 22:26:41.879 [main] ERROR logTrace - 除法执行失败~~
2025-03-25 22:26:41.879 [main] INFO  logTrace - 开始执行除法~~
2025-03-25 22:26:41.879 [main] DEBUG logTrace - 取得数据a:10
2025-03-25 22:26:41.879 [main] DEBUG logTrace - 取得数据b:0
2025-03-25 22:26:41.879 [main] ERROR logTrace - 除法执行失败~~
2025-03-25 22:26:41.879 [main] INFO  logTrace - 开始执行除法~~
2025-03-25 22:26:41.879 [main] DEBUG logTrace - 取得数据a:10
2025-03-25 22:26:41.879 [main] DEBUG logTrace - 取得数据b:0
2025-03-25 22:26:41.879 [main] ERROR logTrace - 除法执行失败~~
2025-03-25 22:26:41.879 [main] INFO  logTrace - 开始执行除法~~
2025-03-25 22:26:41.879 [main] DEBUG logTrace - 取得数据a:10
2025-03-25 22:26:41.879 [main] DEBUG logTrace - 取得数据b:0
2025-03-25 22:26:41.879 [main] ERROR logTrace - 除法执行失败~~
2025-03-25 22:26:41.879 [main] INFO  logTrace - 开始执行除法~~
2025-03-25 22:26:41.879 [main] DEBUG logTrace - 取得数据a:10
2025-03-25 22:26:41.879 [main] DEBUG logTrace - 取得数据b:0
2025-03-25 22:26:41.879 [main] ERROR logTrace - 除法执行失败~~
2025-03-25 22:26:41.879 [main] INFO  logTrace - 开始执行除法~~
2025-03-25 22:26:41.880 [main] DEBUG logTrace - 取得数据a:10
2025-03-25 22:26:41.880 [main] DEBUG logTrace - 取得数据b:0
2025-03-25 22:26:41.880 [main] ERROR logTrace - 除法执行失败~~
2025-03-25 22:26:41.880 [main] INFO  logTrace - 开始执行除法~~
2025-03-25 22:26:41.880 [main] DEBUG logTrace - 取得数据a:10
2025-03-25 22:26:41.880 [main] DEBUG logTrace - 取得数据b:0
2025-03-25 22:26:41.880 [main] ERROR logTrace - 除法执行失败~~
2025-03-25 22:26:41.880 [main] INFO  logTrace - 开始执行除法~~
2025-03-25 22:26:41.880 [main] DEBUG logTrace - 取得数据a:10
2025-03-25 22:26:41.880 [main] DEBUG logTrace - 取得数据b:0
2025-03-25 22:26:41.880 [main] ERROR logTrace - 除法执行失败~~
2025-03-25 22:26:41.880 [main] INFO  logTrace - 开始执行除法~~
2025-03-25 22:26:41.880 [main] DEBUG logTrace - 取得数据a:10
2025-03-25 22:26:41.880 [main] DEBUG logTrace - 取得数据b:0
2025-03-25 22:26:41.880 [main] ERROR logTrace - 除法执行失败~~
2025-03-25 22:26:41.880 [main] INFO  logTrace - 开始执行除法~~
2025-03-25 22:26:41.880 [main] DEBUG logTrace - 取得数据a:10
2025-03-25 22:26:41.880 [main] DEBUG logTrace - 取得数据b:0
2025-03-25 22:26:41.880 [main] ERROR logTrace - 除法执行失败~~
2025-03-25 22:26:41.880 [main] INFO  logTrace - 开始执行除法~~
2025-03-25 22:26:41.880 [main] DEBUG logTrace - 取得数据a:10
2025-03-25 22:26:41.880 [main] DEBUG logTrace - 取得数据b:0
2025-03-25 22:26:41.880 [main] ERROR logTrace - 除法执行失败~~
2025-03-25 22:26:41.880 [main] INFO  logTrace - 开始执行除法~~
2025-03-25 22:26:41.880 [main] DEBUG logTrace - 取得数据a:10
2025-03-25 22:26:41.880 [main] DEBUG logTrace - 取得数据b:0
2025-03-25 22:26:41.880 [main] ERROR logTrace - 除法执行失败~~
2025-03-25 22:26:41.880 [main] INFO  logTrace - 开始执行除法~~
2025-03-25 22:26:41.880 [main] DEBUG logTrace - 取得数据a:10
2025-03-25 22:26:41.881 [main] DEBUG logTrace - 取得数据b:0
2025-03-25 22:26:41.881 [main] ERROR logTrace - 除法执行失败~~
2025-03-25 22:26:41.881 [main] INFO  logTrace - 开始执行除法~~
2025-03-25 22:26:41.881 [main] DEBUG logTrace - 取得数据a:10
2025-03-25 22:26:41.881 [main] DEBUG logTrace - 取得数据b:0
2025-03-25 22:26:41.881 [main] ERROR logTrace - 除法执行失败~~
2025-03-25 22:26:41.881 [main] INFO  logTrace - 开始执行除法~~
2025-03-25 22:26:41.881 [main] DEBUG logTrace - 取得数据a:10
2025-03-25 22:26:41.881 [main] DEBUG logTrace - 取得数据b:0
2025-03-25 22:26:41.881 [main] ERROR logTrace - 除法执行失败~~
2025-03-25 22:26:41.881 [main] INFO  logTrace - 开始执行除法~~
2025-03-25 22:26:41.881 [main] DEBUG logTrace - 取得数据a:10
2025-03-25 22:26:41.881 [main] DEBUG logTrace - 取得数据b:0
2025-03-25 22:26:41.881 [main] ERROR logTrace - 除法执行失败~~
2025-03-25 22:26:41.881 [main] INFO  logTrace - 开始执行除法~~
2025-03-25 22:26:41.881 [main] DEBUG logTrace - 取得数据a:10
2025-03-25 22:26:41.881 [main] DEBUG logTrace - 取得数据b:0
2025-03-25 22:26:41.881 [main] ERROR logTrace - 除法执行失败~~
2025-03-25 22:26:41.881 [main] INFO  logTrace - 开始执行除法~~
2025-03-25 22:26:41.881 [main] DEBUG logTrace - 取得数据a:10
2025-03-25 22:26:41.881 [main] DEBUG logTrace - 取得数据b:0
2025-03-25 22:26:41.881 [main] ERROR logTrace - 除法执行失败~~
2025-03-25 22:26:41.881 [main] INFO  logTrace - 开始执行除法~~
2025-03-25 22:26:41.881 [main] DEBUG logTrace - 取得数据a:10
2025-03-25 22:26:41.881 [main] DEBUG logTrace - 取得数据b:0
2025-03-25 22:26:41.881 [main] ERROR logTrace - 除法执行失败~~
2025-03-25 22:26:41.882 [main] INFO  logTrace - 开始执行除法~~
2025-03-25 22:26:41.882 [main] DEBUG logTrace - 取得数据a:10
2025-03-25 22:26:41.882 [main] DEBUG logTrace - 取得数据b:0
2025-03-25 22:26:41.882 [main] ERROR logTrace - 除法执行失败~~
2025-03-25 22:26:41.882 [main] INFO  logTrace - 开始执行除法~~
2025-03-25 22:26:41.882 [main] DEBUG logTrace - 取得数据a:10
2025-03-25 22:26:41.882 [main] DEBUG logTrace - 取得数据b:0
2025-03-25 22:26:41.882 [main] ERROR logTrace - 除法执行失败~~
2025-03-25 22:26:41.882 [main] INFO  logTrace - 开始执行除法~~
2025-03-25 22:26:41.882 [main] DEBUG logTrace - 取得数据a:10
2025-03-25 22:26:41.882 [main] DEBUG logTrace - 取得数据b:0
2025-03-25 22:26:41.882 [main] ERROR logTrace - 除法执行失败~~
2025-03-25 22:26:41.882 [main] INFO  logTrace - 开始执行除法~~
2025-03-25 22:26:41.882 [main] DEBUG logTrace - 取得数据a:10
2025-03-25 22:26:41.882 [main] DEBUG logTrace - 取得数据b:0
2025-03-25 22:26:41.882 [main] ERROR logTrace - 除法执行失败~~
2025-03-25 22:26:41.882 [main] INFO  logTrace - 开始执行除法~~
2025-03-25 22:26:41.882 [main] DEBUG logTrace - 取得数据a:10
2025-03-25 22:26:41.882 [main] DEBUG logTrace - 取得数据b:0
2025-03-25 22:26:41.882 [main] ERROR logTrace - 除法执行失败~~
2025-03-25 22:26:41.882 [main] INFO  logTrace - 开始执行除法~~
2025-03-25 22:26:41.882 [main] DEBUG logTrace - 取得数据a:10
2025-03-25 22:26:41.882 [main] DEBUG logTrace - 取得数据b:0
2025-03-25 22:26:41.882 [main] ERROR logTrace - 除法执行失败~~
2025-03-25 22:26:41.882 [main] INFO  logTrace - 开始执行除法~~
2025-03-25 22:26:41.882 [main] DEBUG logTrace - 取得数据a:10
2025-03-25 22:26:41.882 [main] DEBUG logTrace - 取得数据b:0
2025-03-25 22:26:41.882 [main] ERROR logTrace - 除法执行失败~~
2025-03-25 22:26:41.882 [main] INFO  logTrace - 开始执行除法~~
2025-03-25 22:26:41.882 [main] DEBUG logTrace - 取得数据a:10
2025-03-25 22:26:41.882 [main] DEBUG logTrace - 取得数据b:0
2025-03-25 22:26:41.882 [main] ERROR logTrace - 除法执行失败~~
2025-03-25 22:26:41.882 [main] INFO  logTrace - 开始执行除法~~
2025-03-25 22:26:41.882 [main] DEBUG logTrace - 取得数据a:10
2025-03-25 22:26:41.882 [main] DEBUG logTrace - 取得数据b:0
2025-03-25 22:26:41.882 [main] ERROR logTrace - 除法执行失败~~
2025-03-25 22:26:41.882 [main] INFO  logTrace - 开始执行除法~~
2025-03-25 22:26:41.882 [main] DEBUG logTrace - 取得数据a:10
2025-03-25 22:26:41.882 [main] DEBUG logTrace - 取得数据b:0
2025-03-25 22:26:41.882 [main] ERROR logTrace - 除法执行失败~~
2025-03-25 22:26:41.882 [main] INFO  logTrace - 开始执行除法~~
2025-03-25 22:26:41.882 [main] DEBUG logTrace - 取得数据a:10
2025-03-25 22:26:41.882 [main] DEBUG logTrace - 取得数据b:0
2025-03-25 22:26:41.882 [main] ERROR logTrace - 除法执行失败~~
2025-03-25 22:26:41.882 [main] INFO  logTrace - 开始执行除法~~
2025-03-25 22:26:41.882 [main] DEBUG logTrace - 取得数据a:10
2025-03-25 22:26:41.882 [main] DEBUG logTrace - 取得数据b:0
2025-03-25 22:26:41.882 [main] ERROR logTrace - 除法执行失败~~
2025-03-25 22:26:41.882 [main] INFO  logTrace - 开始执行除法~~
2025-03-25 22:26:41.882 [main] DEBUG logTrace - 取得数据a:10
2025-03-25 22:26:41.882 [main] DEBUG logTrace - 取得数据b:0
2025-03-25 22:26:41.882 [main] ERROR logTrace - 除法执行失败~~
2025-03-25 22:26:41.882 [main] INFO  logTrace - 开始执行除法~~
2025-03-25 22:26:41.882 [main] DEBUG logTrace - 取得数据a:10
2025-03-25 22:26:41.882 [main] DEBUG logTrace - 取得数据b:0
2025-03-25 22:26:41.882 [main] ERROR logTrace - 除法执行失败~~
2025-03-25 22:26:41.882 [main] INFO  logTrace - 开始执行除法~~
2025-03-25 22:26:41.882 [main] DEBUG logTrace - 取得数据a:10
2025-03-25 22:26:41.882 [main] DEBUG logTrace - 取得数据b:0
2025-03-25 22:26:41.882 [main] ERROR logTrace - 除法执行失败~~
2025-03-25 22:26:41.882 [main] INFO  logTrace - 开始执行除法~~
2025-03-25 22:26:41.882 [main] DEBUG logTrace - 取得数据a:10
2025-03-25 22:26:41.882 [main] DEBUG logTrace - 取得数据b:0
2025-03-25 22:26:41.882 [main] ERROR logTrace - 除法执行失败~~
2025-03-25 22:26:41.882 [main] INFO  logTrace - 开始执行除法~~
2025-03-25 22:26:41.882 [main] DEBUG logTrace - 取得数据a:10
2025-03-25 22:26:41.883 [main] DEBUG logTrace - 取得数据b:0
2025-03-25 22:26:41.883 [main] ERROR logTrace - 除法执行失败~~
2025-03-25 22:26:41.883 [main] INFO  logTrace - 开始执行除法~~
2025-03-25 22:26:41.883 [main] DEBUG logTrace - 取得数据a:10
2025-03-25 22:26:41.883 [main] DEBUG logTrace - 取得数据b:0
2025-03-25 22:26:41.883 [main] ERROR logTrace - 除法执行失败~~
2025-03-25 22:26:41.883 [main] INFO  logTrace - 开始执行除法~~
2025-03-25 22:26:41.883 [main] DEBUG logTrace - 取得数据a:10
2025-03-25 22:26:41.883 [main] DEBUG logTrace - 取得数据b:0
2025-03-25 22:26:41.883 [main] ERROR logTrace - 除法执行失败~~
2025-03-25 22:26:41.883 [main] INFO  logTrace - 开始执行除法~~
2025-03-25 22:26:41.883 [main] DEBUG logTrace - 取得数据a:10
2025-03-25 22:26:41.883 [main] DEBUG logTrace - 取得数据b:0
2025-03-25 22:26:41.883 [main] ERROR logTrace - 除法执行失败~~
2025-03-25 22:26:41.883 [main] INFO  logTrace - 开始执行除法~~
2025-03-25 22:26:41.883 [main] DEBUG logTrace - 取得数据a:10
2025-03-25 22:26:41.883 [main] DEBUG logTrace - 取得数据b:0
2025-03-25 22:26:41.883 [main] ERROR logTrace - 除法执行失败~~
2025-03-25 22:26:41.883 [main] INFO  logTrace - 开始执行除法~~
2025-03-25 22:26:41.883 [main] DEBUG logTrace - 取得数据a:10
2025-03-25 22:26:41.883 [main] DEBUG logTrace - 取得数据b:0
2025-03-25 22:26:41.883 [main] ERROR logTrace - 除法执行失败~~
2025-03-25 22:26:41.883 [main] INFO  logTrace - 开始执行除法~~
2025-03-25 22:26:41.883 [main] DEBUG logTrace - 取得数据a:10
2025-03-25 22:26:41.883 [main] DEBUG logTrace - 取得数据b:0
2025-03-25 22:26:41.883 [main] ERROR logTrace - 除法执行失败~~
2025-03-25 22:26:41.883 [main] INFO  logTrace - 开始执行除法~~
2025-03-25 22:26:41.883 [main] DEBUG logTrace - 取得数据a:10
2025-03-25 22:26:41.883 [main] DEBUG logTrace - 取得数据b:0
2025-03-25 22:26:41.883 [main] ERROR logTrace - 除法执行失败~~
2025-03-25 22:26:41.883 [main] INFO  logTrace - 开始执行除法~~
2025-03-25 22:26:41.883 [main] DEBUG logTrace - 取得数据a:10
2025-03-25 22:26:41.883 [main] DEBUG logTrace - 取得数据b:0
2025-03-25 22:26:41.883 [main] ERROR logTrace - 除法执行失败~~
2025-03-25 22:26:41.883 [main] INFO  logTrace - 开始执行除法~~
2025-03-25 22:26:41.883 [main] DEBUG logTrace - 取得数据a:10
2025-03-25 22:26:41.883 [main] DEBUG logTrace - 取得数据b:0
2025-03-25 22:26:41.883 [main] ERROR logTrace - 除法执行失败~~
2025-03-25 22:26:41.883 [main] INFO  logTrace - 开始执行除法~~
2025-03-25 22:26:41.883 [main] DEBUG logTrace - 取得数据a:10
2025-03-25 22:26:41.883 [main] DEBUG logTrace - 取得数据b:0
2025-03-25 22:26:41.883 [main] ERROR logTrace - 除法执行失败~~
2025-03-25 22:26:41.883 [main] INFO  logTrace - 开始执行除法~~
2025-03-25 22:26:41.883 [main] DEBUG logTrace - 取得数据a:10
2025-03-25 22:26:41.883 [main] DEBUG logTrace - 取得数据b:0
2025-03-25 22:26:41.884 [main] ERROR logTrace - 除法执行失败~~
2025-03-25 22:26:41.884 [main] INFO  logTrace - 开始执行除法~~
2025-03-25 22:26:41.884 [main] DEBUG logTrace - 取得数据a:10
2025-03-25 22:26:41.884 [main] DEBUG logTrace - 取得数据b:0
2025-03-25 22:26:41.884 [main] ERROR logTrace - 除法执行失败~~
2025-03-25 22:26:41.884 [main] INFO  logTrace - 开始执行除法~~
2025-03-25 22:26:41.884 [main] DEBUG logTrace - 取得数据a:10
2025-03-25 22:26:41.884 [main] DEBUG logTrace - 取得数据b:0
2025-03-25 22:26:41.884 [main] ERROR logTrace - 除法执行失败~~
2025-03-25 22:26:41.884 [main] INFO  logTrace - 开始执行除法~~
2025-03-25 22:26:41.884 [main] DEBUG logTrace - 取得数据a:10
2025-03-25 22:26:41.884 [main] DEBUG logTrace - 取得数据b:0
2025-03-25 22:26:41.884 [main] ERROR logTrace - 除法执行失败~~
2025-03-25 22:26:41.884 [main] INFO  logTrace - 开始执行除法~~
2025-03-25 22:26:41.884 [main] DEBUG logTrace - 取得数据a:10
2025-03-25 22:26:41.884 [main] DEBUG logTrace - 取得数据b:0
2025-03-25 22:26:41.884 [main] ERROR logTrace - 除法执行失败~~
2025-03-25 22:26:41.884 [main] INFO  logTrace - 开始执行除法~~
2025-03-25 22:26:41.884 [main] DEBUG logTrace - 取得数据a:10
2025-03-25 22:26:41.885 [main] DEBUG logTrace - 取得数据b:0
2025-03-25 22:26:41.885 [main] ERROR logTrace - 除法执行失败~~
2025-03-25 22:26:41.885 [main] INFO  logTrace - 开始执行除法~~
2025-03-25 22:26:41.885 [main] DEBUG logTrace - 取得数据a:10
2025-03-25 22:26:41.885 [main] DEBUG logTrace - 取得数据b:0
2025-03-25 22:26:41.885 [main] ERROR logTrace - 除法执行失败~~
2025-03-25 22:26:41.885 [main] INFO  logTrace - 开始执行除法~~
2025-03-25 22:26:41.885 [main] DEBUG logTrace - 取得数据a:10
2025-03-25 22:26:41.885 [main] DEBUG logTrace - 取得数据b:0
2025-03-25 22:26:41.885 [main] ERROR logTrace - 除法执行失败~~
2025-03-25 22:26:41.885 [main] INFO  logTrace - 开始执行除法~~
2025-03-25 22:26:41.885 [main] DEBUG logTrace - 取得数据a:10
2025-03-25 22:26:41.885 [main] DEBUG logTrace - 取得数据b:0
2025-03-25 22:26:41.885 [main] ERROR logTrace - 除法执行失败~~
2025-03-25 22:26:41.885 [main] INFO  logTrace - 开始执行除法~~
2025-03-25 22:26:41.885 [main] DEBUG logTrace - 取得数据a:10
2025-03-25 22:26:41.885 [main] DEBUG logTrace - 取得数据b:0
2025-03-25 22:26:41.885 [main] ERROR logTrace - 除法执行失败~~
2025-03-25 22:26:41.886 [main] INFO  logTrace - 开始执行除法~~
2025-03-25 22:26:41.886 [main] DEBUG logTrace - 取得数据a:10
2025-03-25 22:26:41.886 [main] DEBUG logTrace - 取得数据b:0
2025-03-25 22:26:41.886 [main] ERROR logTrace - 除法执行失败~~
2025-03-25 22:26:41.886 [main] INFO  logTrace - 开始执行除法~~
2025-03-25 22:26:41.886 [main] DEBUG logTrace - 取得数据a:10
2025-03-25 22:26:41.886 [main] DEBUG logTrace - 取得数据b:0
2025-03-25 22:26:41.886 [main] ERROR logTrace - 除法执行失败~~
2025-03-25 22:26:41.886 [main] INFO  logTrace - 开始执行除法~~
2025-03-25 22:26:41.886 [main] DEBUG logTrace - 取得数据a:10
2025-03-25 22:26:41.886 [main] DEBUG logTrace - 取得数据b:0
2025-03-25 22:26:41.886 [main] ERROR logTrace - 除法执行失败~~
2025-03-25 22:26:41.886 [main] INFO  logTrace - 开始执行除法~~
2025-03-25 22:26:41.886 [main] DEBUG logTrace - 取得数据a:10
2025-03-25 22:26:41.886 [main] DEBUG logTrace - 取得数据b:0
2025-03-25 22:26:41.886 [main] ERROR logTrace - 除法执行失败~~
2025-03-25 22:26:41.886 [main] INFO  logTrace - 开始执行除法~~
2025-03-25 22:26:41.886 [main] DEBUG logTrace - 取得数据a:10
2025-03-25 22:26:41.886 [main] DEBUG logTrace - 取得数据b:0
2025-03-25 22:26:41.886 [main] ERROR logTrace - 除法执行失败~~
2025-03-25 22:26:41.886 [main] INFO  logTrace - 开始执行除法~~
2025-03-25 22:26:41.886 [main] DEBUG logTrace - 取得数据a:10
2025-03-25 22:26:41.886 [main] DEBUG logTrace - 取得数据b:0
2025-03-25 22:26:41.886 [main] ERROR logTrace - 除法执行失败~~
2025-03-25 22:26:41.886 [main] INFO  logTrace - 开始执行除法~~
2025-03-25 22:26:41.886 [main] DEBUG logTrace - 取得数据a:10
2025-03-25 22:26:41.886 [main] DEBUG logTrace - 取得数据b:0
2025-03-25 22:26:41.886 [main] ERROR logTrace - 除法执行失败~~
2025-03-25 22:26:41.886 [main] INFO  logTrace - 开始执行除法~~
2025-03-25 22:26:41.886 [main] DEBUG logTrace - 取得数据a:10
2025-03-25 22:26:41.886 [main] DEBUG logTrace - 取得数据b:0
2025-03-25 22:26:41.886 [main] ERROR logTrace - 除法执行失败~~
2025-03-25 22:26:41.886 [main] INFO  logTrace - 开始执行除法~~
2025-03-25 22:26:41.886 [main] DEBUG logTrace - 取得数据a:10
2025-03-25 22:26:41.886 [main] DEBUG logTrace - 取得数据b:0
2025-03-25 22:26:41.886 [main] ERROR logTrace - 除法执行失败~~
2025-03-25 22:26:41.886 [main] INFO  logTrace - 开始执行除法~~
2025-03-25 22:26:41.886 [main] DEBUG logTrace - 取得数据a:10
2025-03-25 22:26:41.886 [main] DEBUG logTrace - 取得数据b:0
2025-03-25 22:26:41.886 [main] ERROR logTrace - 除法执行失败~~
2025-03-25 22:26:41.886 [main] INFO  logTrace - 开始执行除法~~
2025-03-25 22:26:41.886 [main] DEBUG logTrace - 取得数据a:10
2025-03-25 22:26:41.886 [main] DEBUG logTrace - 取得数据b:0
2025-03-25 22:26:41.886 [main] ERROR logTrace - 除法执行失败~~
2025-03-25 22:26:41.886 [main] INFO  logTrace - 开始执行除法~~
2025-03-25 22:26:41.886 [main] DEBUG logTrace - 取得数据a:10
2025-03-25 22:26:41.886 [main] DEBUG logTrace - 取得数据b:0
2025-03-25 22:26:41.886 [main] ERROR logTrace - 除法执行失败~~
2025-03-25 22:26:41.886 [main] INFO  logTrace - 开始执行除法~~
2025-03-25 22:26:41.886 [main] DEBUG logTrace - 取得数据a:10
2025-03-25 22:26:41.886 [main] DEBUG logTrace - 取得数据b:0
2025-03-25 22:26:41.886 [main] ERROR logTrace - 除法执行失败~~
2025-03-25 22:26:41.886 [main] INFO  logTrace - 开始执行除法~~
2025-03-25 22:26:41.886 [main] DEBUG logTrace - 取得数据a:10
2025-03-25 22:26:41.886 [main] DEBUG logTrace - 取得数据b:0
2025-03-25 22:26:41.887 [main] ERROR logTrace - 除法执行失败~~
2025-03-25 22:26:41.887 [main] INFO  logTrace - 开始执行除法~~
2025-03-25 22:26:41.887 [main] DEBUG logTrace - 取得数据a:10
2025-03-25 22:26:41.887 [main] DEBUG logTrace - 取得数据b:0
2025-03-25 22:26:41.887 [main] ERROR logTrace - 除法执行失败~~
2025-03-25 22:26:41.887 [main] INFO  logTrace - 开始执行除法~~
2025-03-25 22:26:41.887 [main] DEBUG logTrace - 取得数据a:10
2025-03-25 22:26:41.887 [main] DEBUG logTrace - 取得数据b:0
2025-03-25 22:26:41.887 [main] ERROR logTrace - 除法执行失败~~
2025-03-25 22:26:41.887 [main] INFO  logTrace - 开始执行除法~~
2025-03-25 22:26:41.887 [main] DEBUG logTrace - 取得数据a:10
2025-03-25 22:26:41.887 [main] DEBUG logTrace - 取得数据b:0
2025-03-25 22:26:41.887 [main] ERROR logTrace - 除法执行失败~~
2025-03-25 22:26:41.887 [main] INFO  logTrace - 开始执行除法~~
2025-03-25 22:26:41.887 [main] DEBUG logTrace - 取得数据a:10
2025-03-25 22:26:41.887 [main] DEBUG logTrace - 取得数据b:0
2025-03-25 22:26:41.887 [main] ERROR logTrace - 除法执行失败~~
2025-03-25 22:26:41.887 [main] INFO  logTrace - 开始执行除法~~
2025-03-25 22:26:41.887 [main] DEBUG logTrace - 取得数据a:10
2025-03-25 22:26:41.887 [main] DEBUG logTrace - 取得数据b:0
2025-03-25 22:26:41.887 [main] ERROR logTrace - 除法执行失败~~
2025-03-25 22:26:41.887 [main] INFO  logTrace - 开始执行除法~~
2025-03-25 22:26:41.887 [main] DEBUG logTrace - 取得数据a:10
2025-03-25 22:26:41.887 [main] DEBUG logTrace - 取得数据b:0
2025-03-25 22:26:41.887 [main] ERROR logTrace - 除法执行失败~~
2025-03-25 22:26:41.887 [main] INFO  logTrace - 开始执行除法~~
2025-03-25 22:26:41.887 [main] DEBUG logTrace - 取得数据a:10
2025-03-25 22:26:41.887 [main] DEBUG logTrace - 取得数据b:0
2025-03-25 22:26:41.887 [main] ERROR logTrace - 除法执行失败~~
2025-03-25 22:26:41.887 [main] INFO  logTrace - 开始执行除法~~
2025-03-25 22:26:41.887 [main] DEBUG logTrace - 取得数据a:10
2025-03-25 22:26:41.887 [main] DEBUG logTrace - 取得数据b:0
2025-03-25 22:26:41.887 [main] ERROR logTrace - 除法执行失败~~
2025-03-25 22:26:41.889 [main] INFO  logTrace - 开始执行除法~~
2025-03-25 22:26:41.889 [main] DEBUG logTrace - 取得数据a:10
2025-03-25 22:26:41.889 [main] DEBUG logTrace - 取得数据b:0
2025-03-25 22:26:41.889 [main] ERROR logTrace - 除法执行失败~~
2025-03-25 22:26:41.889 [main] INFO  logTrace - 开始执行除法~~
2025-03-25 22:26:41.889 [main] DEBUG logTrace - 取得数据a:10
2025-03-25 22:26:41.889 [main] DEBUG logTrace - 取得数据b:0
2025-03-25 22:26:41.889 [main] ERROR logTrace - 除法执行失败~~
